Archive member included to satisfy reference by file (symbol)

/usr/local/gcc_arm/gcc-arm-none-eabi-8-2018-q4-major/bin/../lib/gcc/arm-none-eabi/8.2.1/../../../../arm-none-eabi/lib/thumb/v7e-m+fp/hard/libc_nano.a(lib_a-ctype_.o)
                              _build/nrf52840_xxaa/nrf_log_str_formatter.c.o (_ctype_)
/usr/local/gcc_arm/gcc-arm-none-eabi-8-2018-q4-major/bin/../lib/gcc/arm-none-eabi/8.2.1/../../../../arm-none-eabi/lib/thumb/v7e-m+fp/hard/libc_nano.a(lib_a-exit.o)
                              /usr/local/gcc_arm/gcc-arm-none-eabi-8-2018-q4-major/bin/../lib/gcc/arm-none-eabi/8.2.1/../../../../arm-none-eabi/lib/thumb/v7e-m+fp/hard/crt0.o (exit)
/usr/local/gcc_arm/gcc-arm-none-eabi-8-2018-q4-major/bin/../lib/gcc/arm-none-eabi/8.2.1/../../../../arm-none-eabi/lib/thumb/v7e-m+fp/hard/libc_nano.a(lib_a-impure.o)
                              /usr/local/gcc_arm/gcc-arm-none-eabi-8-2018-q4-major/bin/../lib/gcc/arm-none-eabi/8.2.1/../../../../arm-none-eabi/lib/thumb/v7e-m+fp/hard/libc_nano.a(lib_a-exit.o) (_global_impure_ptr)
/usr/local/gcc_arm/gcc-arm-none-eabi-8-2018-q4-major/bin/../lib/gcc/arm-none-eabi/8.2.1/../../../../arm-none-eabi/lib/thumb/v7e-m+fp/hard/libc_nano.a(lib_a-init.o)
                              /usr/local/gcc_arm/gcc-arm-none-eabi-8-2018-q4-major/bin/../lib/gcc/arm-none-eabi/8.2.1/../../../../arm-none-eabi/lib/thumb/v7e-m+fp/hard/crt0.o (__libc_init_array)
/usr/local/gcc_arm/gcc-arm-none-eabi-8-2018-q4-major/bin/../lib/gcc/arm-none-eabi/8.2.1/../../../../arm-none-eabi/lib/thumb/v7e-m+fp/hard/libc_nano.a(lib_a-memcpy-stub.o)
                              _build/nrf52840_xxaa/nrf_log_frontend.c.o (memcpy)
/usr/local/gcc_arm/gcc-arm-none-eabi-8-2018-q4-major/bin/../lib/gcc/arm-none-eabi/8.2.1/../../../../arm-none-eabi/lib/thumb/v7e-m+fp/hard/libc_nano.a(lib_a-memset.o)
                              /usr/local/gcc_arm/gcc-arm-none-eabi-8-2018-q4-major/bin/../lib/gcc/arm-none-eabi/8.2.1/../../../../arm-none-eabi/lib/thumb/v7e-m+fp/hard/crt0.o (memset)
/usr/local/gcc_arm/gcc-arm-none-eabi-8-2018-q4-major/bin/../lib/gcc/arm-none-eabi/8.2.1/../../../../arm-none-eabi/lib/thumb/v7e-m+fp/hard/libc_nano.a(lib_a-strlen.o)
                              _build/nrf52840_xxaa/nrf_log_frontend.c.o (strlen)
/usr/local/gcc_arm/gcc-arm-none-eabi-8-2018-q4-major/bin/../lib/gcc/arm-none-eabi/8.2.1/../../../../arm-none-eabi/lib/thumb/v7e-m+fp/hard/libnosys.a(_exit.o)
                              /usr/local/gcc_arm/gcc-arm-none-eabi-8-2018-q4-major/bin/../lib/gcc/arm-none-eabi/8.2.1/../../../../arm-none-eabi/lib/thumb/v7e-m+fp/hard/libc_nano.a(lib_a-exit.o) (_exit)

Discarded input sections

 .text          0x0000000000000000        0x0 /usr/local/gcc_arm/gcc-arm-none-eabi-8-2018-q4-major/bin/../lib/gcc/arm-none-eabi/8.2.1/thumb/v7e-m+fp/hard/crti.o
 .data          0x0000000000000000        0x0 /usr/local/gcc_arm/gcc-arm-none-eabi-8-2018-q4-major/bin/../lib/gcc/arm-none-eabi/8.2.1/thumb/v7e-m+fp/hard/crti.o
 .bss           0x0000000000000000        0x0 /usr/local/gcc_arm/gcc-arm-none-eabi-8-2018-q4-major/bin/../lib/gcc/arm-none-eabi/8.2.1/thumb/v7e-m+fp/hard/crti.o
 .data          0x0000000000000000        0x4 /usr/local/gcc_arm/gcc-arm-none-eabi-8-2018-q4-major/bin/../lib/gcc/arm-none-eabi/8.2.1/thumb/v7e-m+fp/hard/crtbegin.o
 .data          0x0000000000000000        0x0 /usr/local/gcc_arm/gcc-arm-none-eabi-8-2018-q4-major/bin/../lib/gcc/arm-none-eabi/8.2.1/../../../../arm-none-eabi/lib/thumb/v7e-m+fp/hard/crt0.o
 .bss           0x0000000000000000        0x0 /usr/local/gcc_arm/gcc-arm-none-eabi-8-2018-q4-major/bin/../lib/gcc/arm-none-eabi/8.2.1/../../../../arm-none-eabi/lib/thumb/v7e-m+fp/hard/crt0.o
 .ARM.extab     0x0000000000000000        0x0 /usr/local/gcc_arm/gcc-arm-none-eabi-8-2018-q4-major/bin/../lib/gcc/arm-none-eabi/8.2.1/../../../../arm-none-eabi/lib/thumb/v7e-m+fp/hard/crt0.o
 .data          0x0000000000000000        0x0 _build/nrf52840_xxaa/gcc_startup_nrf52840.S.o
 .bss           0x0000000000000000        0x0 _build/nrf52840_xxaa/gcc_startup_nrf52840.S.o
 .group         0x0000000000000000        0xc _build/nrf52840_xxaa/nrf_log_frontend.c.o
 .group         0x0000000000000000        0xc _build/nrf52840_xxaa/nrf_log_frontend.c.o
 .group         0x0000000000000000        0xc _build/nrf52840_xxaa/nrf_log_frontend.c.o
 .group         0x0000000000000000        0xc _build/nrf52840_xxaa/nrf_log_frontend.c.o
 .group         0x0000000000000000        0xc _build/nrf52840_xxaa/nrf_log_frontend.c.o
 .group         0x0000000000000000        0xc _build/nrf52840_xxaa/nrf_log_frontend.c.o
 .group         0x0000000000000000        0xc _build/nrf52840_xxaa/nrf_log_frontend.c.o
 .group         0x0000000000000000        0xc _build/nrf52840_xxaa/nrf_log_frontend.c.o
 .group         0x0000000000000000        0xc _build/nrf52840_xxaa/nrf_log_frontend.c.o
 .group         0x0000000000000000        0xc _build/nrf52840_xxaa/nrf_log_frontend.c.o
[...]
Memory Configuration

Name             Origin             Length             Attributes
FLASH            0x0000000000000000 0x0000000000100000 xr
RAM              0x0000000020000000 0x0000000000040000 xrw
*default*        0x0000000000000000 0xffffffffffffffff

Linker script and memory map


.text           0x0000000000000000      0x740
 *(.isr_vector)
 .isr_vector    0x0000000000000000      0x200 _build/nrf52840_xxaa/gcc_startup_nrf52840.S.o
                0x0000000000000000                __isr_vector
 *(.text*)
 .text          0x0000000000000200       0x40 /usr/local/gcc_arm/gcc-arm-none-eabi-8-2018-q4-major/bin/../lib/gcc/arm-none-eabi/8.2.1/thumb/v7e-m+fp/hard/crtbegin.o
 .text          0x0000000000000240       0x74 /usr/local/gcc_arm/gcc-arm-none-eabi-8-2018-q4-major/bin/../lib/gcc/arm-none-eabi/8.2.1/../../../../arm-none-eabi/lib/thumb/v7e-m+fp/hard/crt0.o
                0x0000000000000240                _mainCRTStartup
                0x0000000000000240                _start
 .text          0x00000000000002b4       0x3c _build/nrf52840_xxaa/gcc_startup_nrf52840.S.o
                0x00000000000002b4                Reset_Handler
                0x00000000000002dc                NMI_Handler
                0x00000000000002de                HardFault_Handler
                0x00000000000002e0                MemoryManagement_Handler
                0x00000000000002e2                BusFault_Handler
                0x00000000000002e4                UsageFault_Handler
                0x00000000000002e6                SVC_Handler
                0x00000000000002e8                DebugMon_Handler
                0x00000000000002ea                PendSV_Handler
                0x00000000000002ec                SysTick_Handler
                0x00000000000002ee                QDEC_IRQHandler
                0x00000000000002ee                TIMER3_IRQHandler
                0x00000000000002ee                PWM3_IRQHandler
                0x00000000000002ee                FPU_IRQHandler
                0x00000000000002ee                USBD_IRQHandler
                0x00000000000002ee                SPIM0_SPIS0_TWIM0_TWIS0_SPI0_TWI0_IRQHandler
                0x00000000000002ee                UARTE0_UART0_IRQHandler
                0x00000000000002ee                TIMER4_IRQHandler
                0x00000000000002ee                CRYPTOCELL_IRQHandler
                0x00000000000002ee                I2S_IRQHandler
                0x00000000000002ee                SWI4_EGU4_IRQHandler
                0x00000000000002ee                TIMER0_IRQHandler
                0x00000000000002ee                UARTE1_IRQHandler
                0x00000000000002ee                TIMER1_IRQHandler
                0x00000000000002ee                SPIM3_IRQHandler
                0x00000000000002ee                PWM2_IRQHandler
                0x00000000000002ee                ECB_IRQHandler
                0x00000000000002ee                SPIM1_SPIS1_TWIM1_TWIS1_SPI1_TWI1_IRQHandler
                0x00000000000002ee                Default_Handler
                0x00000000000002ee                SAADC_IRQHandler
                0x00000000000002ee                CCM_AAR_IRQHandler
                0x00000000000002ee                WDT_IRQHandler
                0x00000000000002ee                SWI5_EGU5_IRQHandler
                0x00000000000002ee                RNG_IRQHandler
                0x00000000000002ee                RTC2_IRQHandler
                0x00000000000002ee                PWM0_IRQHandler
                0x00000000000002ee                SWI3_EGU3_IRQHandler
                0x00000000000002ee                RTC1_IRQHandler
                0x00000000000002ee                SWI1_EGU1_IRQHandler
                0x00000000000002ee                SPIM2_SPIS2_SPI2_IRQHandler
                0x00000000000002ee                NFCT_IRQHandler
                0x00000000000002ee                MWU_IRQHandler
                0x00000000000002ee                QSPI_IRQHandler
                0x00000000000002ee                TIMER2_IRQHandler
                0x00000000000002ee                COMP_LPCOMP_IRQHandler
                0x00000000000002ee                RTC0_IRQHandler
                0x00000000000002ee                SWI0_EGU0_IRQHandler
                0x00000000000002ee                SWI2_EGU2_IRQHandler
                0x00000000000002ee                GPIOTE_IRQHandler
                0x00000000000002ee                PWM1_IRQHandler
                0x00000000000002ee                POWER_CLOCK_IRQHandler
                0x00000000000002ee                RADIO_IRQHandler
                0x00000000000002ee                PDM_IRQHandler
                0x00000000000002ee                TEMP_IRQHandler
 .text.bsp_board_led_invert
                0x00000000000002f0       0x34 _build/nrf52840_xxaa/boards.c.o
                0x00000000000002f0                bsp_board_led_invert
 .text.bsp_board_init
                0x0000000000000324       0x5c _build/nrf52840_xxaa/boards.c.o
                0x0000000000000324                bsp_board_init
 .text.startup.main
                0x0000000000000380       0x50 _build/nrf52840_xxaa/main.c.o
                0x0000000000000380                main
 .text.SystemInit
                0x00000000000003d0      0x1c4 _build/nrf52840_xxaa/system_nrf52840.c.o
                0x00000000000003d0                SystemInit
 .text.getButton
                0x0000000000000594       0xe8 _build/nrf52840_xxaa/buttons.c.o
                0x0000000000000594                getButton
 .text.exit     0x000000000000067c       0x28 /usr/local/gcc_arm/gcc-arm-none-eabi-8-2018-q4-major/bin/../lib/gcc/arm-none-eabi/8.2.1/../../../../arm-none-eabi/lib/thumb/v7e-m+fp/hard/libc_nano.a(lib_a-exit.o)
                0x000000000000067c                exit
 .text.__libc_init_array
                0x00000000000006a4       0x48 /usr/local/gcc_arm/gcc-arm-none-eabi-8-2018-q4-major/bin/../lib/gcc/arm-none-eabi/8.2.1/../../../../arm-none-eabi/lib/thumb/v7e-m+fp/hard/libc_nano.a(lib_a-init.o)
                0x00000000000006a4                __libc_init_array
 .text.memset   0x00000000000006ec       0x10 /usr/local/gcc_arm/gcc-arm-none-eabi-8-2018-q4-major/bin/../lib/gcc/arm-none-eabi/8.2.1/../../../../arm-none-eabi/lib/thumb/v7e-m+fp/hard/libc_nano.a(lib_a-memset.o)
                0x00000000000006ec                memset
 .text._exit    0x00000000000006fc        0x4 /usr/local/gcc_arm/gcc-arm-none-eabi-8-2018-q4-major/bin/../lib/gcc/arm-none-eabi/8.2.1/../../../../arm-none-eabi/lib/thumb/v7e-m+fp/hard/libnosys.a(_exit.o)
                0x00000000000006fc                _exit
 *(.init)
 .init          0x0000000000000700        0x4 /usr/local/gcc_arm/gcc-arm-none-eabi-8-2018-q4-major/bin/../lib/gcc/arm-none-eabi/8.2.1/thumb/v7e-m+fp/hard/crti.o
                0x0000000000000700                _init
 .init          0x0000000000000704        0x8 /usr/local/gcc_arm/gcc-arm-none-eabi-8-2018-q4-major/bin/../lib/gcc/arm-none-eabi/8.2.1/thumb/v7e-m+fp/hard/crtn.o
 *(.fini)
 .fini          0x000000000000070c        0x4 /usr/local/gcc_arm/gcc-arm-none-eabi-8-2018-q4-major/bin/../lib/gcc/arm-none-eabi/8.2.1/thumb/v7e-m+fp/hard/crti.o
                0x000000000000070c                _fini
 .fini          0x0000000000000710        0x8 /usr/local/gcc_arm/gcc-arm-none-eabi-8-2018-q4-major/bin/../lib/gcc/arm-none-eabi/8.2.1/thumb/v7e-m+fp/hard/crtn.o
 *crtbegin.o(.ctors)
 *crtbegin?.o(.ctors)
 *(EXCLUDE_FILE(*crtend.o *crtend?.o) .ctors)
 *(SORT_BY_NAME(.ctors.*))
 *(.ctors)
 *crtbegin.o(.dtors)
 *crtbegin?.o(.dtors)
 *(EXCLUDE_FILE(*crtend.o *crtend?.o) .dtors)
 *(SORT_BY_NAME(.dtors.*))
 *(.dtors)
 *(.rodata*)
 .rodata.str1.4
                0x0000000000000718        0x4 _build/nrf52840_xxaa/nrf_log_frontend.c.o
 .rodata.m_board_led_list
                0x000000000000071c        0x4 _build/nrf52840_xxaa/boards.c.o
 .rodata.delay_machine_code.8239
                0x0000000000000720        0x6 _build/nrf52840_xxaa/main.c.o
 *fill*         0x0000000000000726        0xa 
 .rodata.delay_machine_code.8243
                0x0000000000000730        0x6 _build/nrf52840_xxaa/buttons.c.o
 *fill*         0x0000000000000736        0x2 
 .rodata._global_impure_ptr
                0x0000000000000738        0x4 /usr/local/gcc_arm/gcc-arm-none-eabi-8-2018-q4-major/bin/../lib/gcc/arm-none-eabi/8.2.1/../../../../arm-none-eabi/lib/thumb/v7e-m+fp/hard/libc_nano.a(lib_a-impure.o)
                0x0000000000000738                _global_impure_ptr
 *(.eh_frame*)
 .eh_frame      0x000000000000073c        0x0 /usr/local/gcc_arm/gcc-arm-none-eabi-8-2018-q4-major/bin/../lib/gcc/arm-none-eabi/8.2.1/thumb/v7e-m+fp/hard/crtbegin.o
 .eh_frame      0x000000000000073c        0x4 /usr/local/gcc_arm/gcc-arm-none-eabi-8-2018-q4-major/bin/../lib/gcc/arm-none-eabi/8.2.1/thumb/v7e-m+fp/hard/crtend.o

.glue_7         0x0000000000000740        0x0
 .glue_7        0x0000000000000740        0x0 linker stubs

.glue_7t        0x0000000000000740        0x0
 .glue_7t       0x0000000000000740        0x0 linker stubs

.vfp11_veneer   0x0000000000000740        0x0
 .vfp11_veneer  0x0000000000000740        0x0 linker stubs

.v4_bx          0x0000000000000740        0x0
 .v4_bx         0x0000000000000740        0x0 linker stubs

.iplt           0x0000000000000740        0x0
 .iplt          0x0000000000000740        0x0 /usr/local/gcc_arm/gcc-arm-none-eabi-8-2018-q4-major/bin/../lib/gcc/arm-none-eabi/8.2.1/thumb/v7e-m+fp/hard/crtbegin.o

.mem_section_dummy_rom

.log_const_data
                0x0000000000000740        0x8
                0x0000000000000740                PROVIDE (__start_log_const_data = .)
 *(SORT_BY_NAME(.log_const_data*))
 .log_const_data_app
                0x0000000000000740        0x8 _build/nrf52840_xxaa/nrf_log_frontend.c.o
                0x0000000000000740                m_nrf_log_app_logs_data_const
                0x0000000000000748                PROVIDE (__stop_log_const_data = .)

.log_backends   0x0000000000000748        0x0
                [!provide]                        PROVIDE (__start_log_backends = .)
 *(SORT_BY_NAME(.log_backends*))
                [!provide]                        PROVIDE (__stop_log_backends = .)

.nrf_balloc     0x0000000000000748       0x14
                [!provide]                        PROVIDE (__start_nrf_balloc = .)
 *(.nrf_balloc)
 .nrf_balloc    0x0000000000000748       0x14 _build/nrf52840_xxaa/nrf_log_frontend.c.o
                0x0000000000000748                log_mempool
                [!provide]                        PROVIDE (__stop_nrf_balloc = .)

.ARM.extab
 *(.ARM.extab* .gnu.linkonce.armextab.*)
                0x000000000000075c                __exidx_start = .

.ARM.exidx      0x000000000000075c        0x8
 *(.ARM.exidx* .gnu.linkonce.armexidx.*)
 .ARM.exidx     0x000000000000075c        0x8 /usr/local/gcc_arm/gcc-arm-none-eabi-8-2018-q4-major/bin/../lib/gcc/arm-none-eabi/8.2.1/../../../../arm-none-eabi/lib/thumb/v7e-m+fp/hard/crt0.o
                0x0000000000000764                __exidx_end = .
                0x0000000000000764                __etext = .

.rel.dyn        0x0000000000000764        0x0
 .rel.iplt      0x0000000000000764        0x0 /usr/local/gcc_arm/gcc-arm-none-eabi-8-2018-q4-major/bin/../lib/gcc/arm-none-eabi/8.2.1/thumb/v7e-m+fp/hard/crtbegin.o

.data           0x0000000020000000       0x6c load address 0x0000000000000764
                0x0000000020000000                __data_start__ = .
 *(vtable)
 *(.data*)
 .data.SystemCoreClock
                0x0000000020000000        0x4 _build/nrf52840_xxaa/system_nrf52840.c.o
                0x0000000020000000                SystemCoreClock
 .data.impure_data
                0x0000000020000004       0x60 /usr/local/gcc_arm/gcc-arm-none-eabi-8-2018-q4-major/bin/../lib/gcc/arm-none-eabi/8.2.1/../../../../arm-none-eabi/lib/thumb/v7e-m+fp/hard/libc_nano.a(lib_a-impure.o)
                0x0000000020000064                . = ALIGN (0x4)
                0x0000000020000064                PROVIDE (__preinit_array_start = .)
 *(.preinit_array)
                0x0000000020000064                PROVIDE (__preinit_array_end = .)
                0x0000000020000064                . = ALIGN (0x4)
                0x0000000020000064                PROVIDE (__init_array_start = .)
 *(SORT_BY_NAME(.init_array.*))
 *(.init_array)
 .init_array    0x0000000020000064        0x4 /usr/local/gcc_arm/gcc-arm-none-eabi-8-2018-q4-major/bin/../lib/gcc/arm-none-eabi/8.2.1/thumb/v7e-m+fp/hard/crtbegin.o
                0x0000000020000068                PROVIDE (__init_array_end = .)
                0x0000000020000068                . = ALIGN (0x4)
                [!provide]                        PROVIDE (__fini_array_start = .)
 *(SORT_BY_NAME(.fini_array.*))
 *(.fini_array)
 .fini_array    0x0000000020000068        0x4 /usr/local/gcc_arm/gcc-arm-none-eabi-8-2018-q4-major/bin/../lib/gcc/arm-none-eabi/8.2.1/thumb/v7e-m+fp/hard/crtbegin.o
                [!provide]                        PROVIDE (__fini_array_end = .)
 *(.jcr*)
                0x000000002000006c                . = ALIGN (0x4)
                0x000000002000006c                __data_end__ = .
LOAD /usr/local/gcc_arm/gcc-arm-none-eabi-8-2018-q4-major/bin/../lib/gcc/arm-none-eabi/8.2.1/thumb/v7e-m+fp/hard/crti.o
LOAD /usr/local/gcc_arm/gcc-arm-none-eabi-8-2018-q4-major/bin/../lib/gcc/arm-none-eabi/8.2.1/thumb/v7e-m+fp/hard/crtbegin.o
LOAD /usr/local/gcc_arm/gcc-arm-none-eabi-8-2018-q4-major/bin/../lib/gcc/arm-none-eabi/8.2.1/../../../../arm-none-eabi/lib/thumb/v7e-m+fp/hard/crt0.o
LOAD _build/nrf52840_xxaa/gcc_startup_nrf52840.S.o
LOAD _build/nrf52840_xxaa/nrf_log_frontend.c.o
LOAD _build/nrf52840_xxaa/nrf_log_str_formatter.c.o
LOAD _build/nrf52840_xxaa/boards.c.o
LOAD _build/nrf52840_xxaa/app_error.c.o
LOAD _build/nrf52840_xxaa/app_error_handler_gcc.c.o
LOAD _build/nrf52840_xxaa/app_error_weak.c.o
LOAD _build/nrf52840_xxaa/app_util_platform.c.o
LOAD _build/nrf52840_xxaa/nrf_assert.c.o
LOAD _build/nrf52840_xxaa/nrf_atomic.c.o
LOAD _build/nrf52840_xxaa/nrf_balloc.c.o
LOAD _build/nrf52840_xxaa/nrf_fprintf.c.o
LOAD _build/nrf52840_xxaa/nrf_fprintf_format.c.o
LOAD _build/nrf52840_xxaa/nrf_memobj.c.o
LOAD _build/nrf52840_xxaa/nrf_ringbuf.c.o
LOAD _build/nrf52840_xxaa/nrf_strerror.c.o
LOAD _build/nrf52840_xxaa/nrfx_atomic.c.o
LOAD _build/nrf52840_xxaa/main.c.o
LOAD _build/nrf52840_xxaa/system_nrf52840.c.o
LOAD _build/nrf52840_xxaa/buttons.c.o
LOAD /usr/local/gcc_arm/gcc-arm-none-eabi-8-2018-q4-major/bin/../lib/gcc/arm-none-eabi/8.2.1/../../../../arm-none-eabi/lib/thumb/v7e-m+fp/hard/libc_nano.a
LOAD /usr/local/gcc_arm/gcc-arm-none-eabi-8-2018-q4-major/bin/../lib/gcc/arm-none-eabi/8.2.1/../../../../arm-none-eabi/lib/thumb/v7e-m+fp/hard/libnosys.a
LOAD /usr/local/gcc_arm/gcc-arm-none-eabi-8-2018-q4-major/bin/../lib/gcc/arm-none-eabi/8.2.1/../../../../arm-none-eabi/lib/thumb/v7e-m+fp/hard/libm.a
START GROUP
LOAD /usr/local/gcc_arm/gcc-arm-none-eabi-8-2018-q4-major/bin/../lib/gcc/arm-none-eabi/8.2.1/thumb/v7e-m+fp/hard/libgcc.a
LOAD /usr/local/gcc_arm/gcc-arm-none-eabi-8-2018-q4-major/bin/../lib/gcc/arm-none-eabi/8.2.1/../../../../arm-none-eabi/lib/thumb/v7e-m+fp/hard/libg_nano.a
LOAD /usr/local/gcc_arm/gcc-arm-none-eabi-8-2018-q4-major/bin/../lib/gcc/arm-none-eabi/8.2.1/../../../../arm-none-eabi/lib/thumb/v7e-m+fp/hard/libc_nano.a
END GROUP
START GROUP
LOAD /usr/local/gcc_arm/gcc-arm-none-eabi-8-2018-q4-major/bin/../lib/gcc/arm-none-eabi/8.2.1/thumb/v7e-m+fp/hard/libgcc.a
LOAD /usr/local/gcc_arm/gcc-arm-none-eabi-8-2018-q4-major/bin/../lib/gcc/arm-none-eabi/8.2.1/../../../../arm-none-eabi/lib/thumb/v7e-m+fp/hard/libc_nano.a
END GROUP
LOAD /usr/local/gcc_arm/gcc-arm-none-eabi-8-2018-q4-major/bin/../lib/gcc/arm-none-eabi/8.2.1/thumb/v7e-m+fp/hard/crtend.o
LOAD /usr/local/gcc_arm/gcc-arm-none-eabi-8-2018-q4-major/bin/../lib/gcc/arm-none-eabi/8.2.1/thumb/v7e-m+fp/hard/crtn.o
START GROUP
LOAD /usr/local/gcc_arm/gcc-arm-none-eabi-8-2018-q4-major/bin/../lib/gcc/arm-none-eabi/8.2.1/thumb/v7e-m+fp/hard/libgcc.a
LOAD /usr/local/gcc_arm/gcc-arm-none-eabi-8-2018-q4-major/bin/../lib/gcc/arm-none-eabi/8.2.1/../../../../arm-none-eabi/lib/thumb/v7e-m+fp/hard/libc.a
LOAD /usr/local/gcc_arm/gcc-arm-none-eabi-8-2018-q4-major/bin/../lib/gcc/arm-none-eabi/8.2.1/../../../../arm-none-eabi/lib/thumb/v7e-m+fp/hard/libnosys.a
END GROUP

.igot.plt       0x000000002000006c        0x0 load address 0x00000000000007d0
 .igot.plt      0x000000002000006c        0x0 /usr/local/gcc_arm/gcc-arm-none-eabi-8-2018-q4-major/bin/../lib/gcc/arm-none-eabi/8.2.1/thumb/v7e-m+fp/hard/crtbegin.o
                0x000000002000006c                . = ALIGN (0x4)

.mem_section_dummy_ram

.log_dynamic_data
                0x000000002000006c        0x0
                0x000000002000006c                PROVIDE (__start_log_dynamic_data = .)
 *(SORT_BY_NAME(.log_dynamic_data*))
                [!provide]                        PROVIDE (__stop_log_dynamic_data = .)

.log_filter_data
                0x000000002000006c        0x0
                [!provide]                        PROVIDE (__start_log_filter_data = .)
 *(SORT_BY_NAME(.log_filter_data*))
                [!provide]                        PROVIDE (__stop_log_filter_data = .)

.bss            0x000000002000006c       0xec load address 0x00000000000007d0
                0x000000002000006c                . = ALIGN (0x4)
                0x000000002000006c                __bss_start__ = .
 *(.bss*)
 .bss           0x000000002000006c       0x1c /usr/local/gcc_arm/gcc-arm-none-eabi-8-2018-q4-major/bin/../lib/gcc/arm-none-eabi/8.2.1/thumb/v7e-m+fp/hard/crtbegin.o
 .bss.log_mempool_nrf_balloc_cb
                0x0000000020000088        0x8 _build/nrf52840_xxaa/nrf_log_frontend.c.o
 .bss.log_mempool_nrf_balloc_pool_mem
                0x0000000020000090       0xc0 _build/nrf52840_xxaa/nrf_log_frontend.c.o
 .bss.log_mempool_nrf_balloc_pool_stack
                0x0000000020000150        0x8 _build/nrf52840_xxaa/nrf_log_frontend.c.o
 *(COMMON)
                0x0000000020000158                . = ALIGN (0x4)
                0x0000000020000158                __bss_end__ = .

.heap           0x0000000020000158     0x2000
                0x0000000020000158                __HeapBase = .
                0x0000000020000158                __end__ = .
                [!provide]                        PROVIDE (end = .)
 *(.heap*)
 .heap          0x0000000020000158     0x2000 _build/nrf52840_xxaa/gcc_startup_nrf52840.S.o
                0x0000000020002158                __HeapLimit = .

.stack_dummy    0x0000000020000158     0x2000
 *(.stack*)
 .stack         0x0000000020000158     0x2000 _build/nrf52840_xxaa/gcc_startup_nrf52840.S.o
                0x0000000020040000                __StackTop = (ORIGIN (RAM) + LENGTH (RAM))
                0x000000002003e000                __StackLimit = (__StackTop - SIZEOF (.stack_dummy))
                0x0000000020040000                PROVIDE (__stack = __StackTop)
                0x0000000000000001                ASSERT ((__StackLimit >= __HeapLimit), region RAM overflowed with stack)
                0x000000000000006c                DataInitFlashUsed = (__bss_start__ - __data_start__)
                0x0000000000000764                CodeFlashUsed = (__etext - ORIGIN (FLASH))
                0x00000000000007d0                TotalFlashUsed = (CodeFlashUsed + DataInitFlashUsed)
                0x0000000000000001                ASSERT ((TotalFlashUsed <= LENGTH (FLASH)), region FLASH overflowed with .data and user data)
OUTPUT(_build/nrf52840_xxaa.out elf32-littlearm)

.ARM.attributes
                0x0000000000000000       0x30
 .ARM.attributes
                0x0000000000000000       0x1e /usr/local/gcc_arm/gcc-arm-none-eabi-8-2018-q4-major/bin/../lib/gcc/arm-none-eabi/8.2.1/thumb/v7e-m+fp/hard/crti.o
 .ARM.attributes
                0x000000000000001e       0x34 /usr/local/gcc_arm/gcc-arm-none-eabi-8-2018-q4-major/bin/../lib/gcc/arm-none-eabi/8.2.1/thumb/v7e-m+fp/hard/crtbegin.o
 .ARM.attributes
                0x0000000000000052       0x1c /usr/local/gcc_arm/gcc-arm-none-eabi-8-2018-q4-major/bin/../lib/gcc/arm-none-eabi/8.2.1/../../../../arm-none-eabi/lib/thumb/v7e-m+fp/hard/crt0.o
 .ARM.attributes
                0x000000000000006e       0x20 _build/nrf52840_xxaa/gcc_startup_nrf52840.S.o
 .ARM.attributes
                0x000000000000008e       0x34 _build/nrf52840_xxaa/nrf_log_frontend.c.o
 .ARM.attributes
                0x00000000000000c2       0x34 _build/nrf52840_xxaa/boards.c.o
 .ARM.attributes
                0x00000000000000f6       0x34 _build/nrf52840_xxaa/main.c.o
 .ARM.attributes
                0x000000000000012a       0x34 _build/nrf52840_xxaa/system_nrf52840.c.o
 .ARM.attributes
                0x000000000000015e       0x34 _build/nrf52840_xxaa/buttons.c.o
 .ARM.attributes
                0x0000000000000192       0x34 /usr/local/gcc_arm/gcc-arm-none-eabi-8-2018-q4-major/bin/../lib/gcc/arm-none-eabi/8.2.1/../../../../arm-none-eabi/lib/thumb/v7e-m+fp/hard/libc_nano.a(lib_a-exit.o)
 .ARM.attributes
                0x00000000000001c6       0x32 /usr/local/gcc_arm/gcc-arm-none-eabi-8-2018-q4-major/bin/../lib/gcc/arm-none-eabi/8.2.1/../../../../arm-none-eabi/lib/thumb/v7e-m+fp/hard/libc_nano.a(lib_a-impure.o)
 .ARM.attributes
                0x00000000000001f8       0x34 /usr/local/gcc_arm/gcc-arm-none-eabi-8-2018-q4-major/bin/../lib/gcc/arm-none-eabi/8.2.1/../../../../arm-none-eabi/lib/thumb/v7e-m+fp/hard/libc_nano.a(lib_a-init.o)
 .ARM.attributes
                0x000000000000022c       0x34 /usr/local/gcc_arm/gcc-arm-none-eabi-8-2018-q4-major/bin/../lib/gcc/arm-none-eabi/8.2.1/../../../../arm-none-eabi/lib/thumb/v7e-m+fp/hard/libc_nano.a(lib_a-memset.o)
 .ARM.attributes
                0x0000000000000260       0x34 /usr/local/gcc_arm/gcc-arm-none-eabi-8-2018-q4-major/bin/../lib/gcc/arm-none-eabi/8.2.1/../../../../arm-none-eabi/lib/thumb/v7e-m+fp/hard/libnosys.a(_exit.o)
 .ARM.attributes
                0x0000000000000294       0x32 /usr/local/gcc_arm/gcc-arm-none-eabi-8-2018-q4-major/bin/../lib/gcc/arm-none-eabi/8.2.1/thumb/v7e-m+fp/hard/crtend.o
 .ARM.attributes
                0x00000000000002c6       0x1e /usr/local/gcc_arm/gcc-arm-none-eabi-8-2018-q4-major/bin/../lib/gcc/arm-none-eabi/8.2.1/thumb/v7e-m+fp/hard/crtn.o

.comment        0x0000000000000000       0x75
 .comment       0x0000000000000000       0x75 _build/nrf52840_xxaa/nrf_log_frontend.c.o
                                         0x76 (size before relaxing)
 .comment       0x0000000000000075       0x76 _build/nrf52840_xxaa/boards.c.o
 .comment       0x0000000000000075       0x76 _build/nrf52840_xxaa/main.c.o
 .comment       0x0000000000000075       0x76 _build/nrf52840_xxaa/system_nrf52840.c.o
 .comment       0x0000000000000075       0x76 _build/nrf52840_xxaa/buttons.c.o

.debug_line     0x0000000000000000     0x5919
 .debug_line    0x0000000000000000       0x9d _build/nrf52840_xxaa/gcc_startup_nrf52840.S.o
 .debug_line    0x000000000000009d     0x2c08 _build/nrf52840_xxaa/nrf_log_frontend.c.o
 .debug_line    0x0000000000002ca5     0x1069 _build/nrf52840_xxaa/boards.c.o
 .debug_line    0x0000000000003d0e      0x8e2 _build/nrf52840_xxaa/main.c.o
 .debug_line    0x00000000000045f0      0x6a4 _build/nrf52840_xxaa/system_nrf52840.c.o
 .debug_line    0x0000000000004c94      0xc85 _build/nrf52840_xxaa/buttons.c.o

.debug_info     0x0000000000000000     0x9518
 .debug_info    0x0000000000000000       0x26 _build/nrf52840_xxaa/gcc_startup_nrf52840.S.o
 .debug_info    0x0000000000000026     0x4a8f _build/nrf52840_xxaa/nrf_log_frontend.c.o
 .debug_info    0x0000000000004ab5     0x182f _build/nrf52840_xxaa/boards.c.o
 .debug_info    0x00000000000062e4      0xb72 _build/nrf52840_xxaa/main.c.o
 .debug_info    0x0000000000006e56     0x14ee _build/nrf52840_xxaa/system_nrf52840.c.o
 .debug_info    0x0000000000008344     0x11d4 _build/nrf52840_xxaa/buttons.c.o

.debug_abbrev   0x0000000000000000     0x1358
 .debug_abbrev  0x0000000000000000       0x14 _build/nrf52840_xxaa/gcc_startup_nrf52840.S.o
 .debug_abbrev  0x0000000000000014      0x624 _build/nrf52840_xxaa/nrf_log_frontend.c.o
 .debug_abbrev  0x0000000000000638      0x455 _build/nrf52840_xxaa/boards.c.o
 .debug_abbrev  0x0000000000000a8d      0x2b3 _build/nrf52840_xxaa/main.c.o
 .debug_abbrev  0x0000000000000d40      0x22f _build/nrf52840_xxaa/system_nrf52840.c.o
 .debug_abbrev  0x0000000000000f6f      0x3e9 _build/nrf52840_xxaa/buttons.c.o

.debug_aranges  0x0000000000000000      0x1c0
 .debug_aranges
                0x0000000000000000       0x20 _build/nrf52840_xxaa/gcc_startup_nrf52840.S.o
 .debug_aranges
                0x0000000000000020       0xb8 _build/nrf52840_xxaa/nrf_log_frontend.c.o
 .debug_aranges
                0x00000000000000d8       0x78 _build/nrf52840_xxaa/boards.c.o
 .debug_aranges
                0x0000000000000150       0x20 _build/nrf52840_xxaa/main.c.o
 .debug_aranges
                0x0000000000000170       0x28 _build/nrf52840_xxaa/system_nrf52840.c.o
 .debug_aranges
                0x0000000000000198       0x28 _build/nrf52840_xxaa/buttons.c.o

.debug_str      0x0000000000000000    0x8adbd
 .debug_str     0x0000000000000000       0x97 _build/nrf52840_xxaa/gcc_startup_nrf52840.S.o
 .debug_str     0x0000000000000097    0x85e47 _build/nrf52840_xxaa/nrf_log_frontend.c.o
                                      0x872cc (size before relaxing)
 .debug_str     0x0000000000085ede     0x461c _build/nrf52840_xxaa/boards.c.o
                                      0x86756 (size before relaxing)
 .debug_str     0x000000000008a4fa      0x189 _build/nrf52840_xxaa/main.c.o
                                      0x86387 (size before relaxing)
 .debug_str     0x000000000008a683      0x6f2 _build/nrf52840_xxaa/system_nrf52840.c.o
                                      0x73c1d (size before relaxing)
 .debug_str     0x000000000008ad75       0x48 _build/nrf52840_xxaa/buttons.c.o
                                      0x85250 (size before relaxing)

.debug_loc      0x0000000000000000     0x6c57
 .debug_loc     0x0000000000000000     0x5769 _build/nrf52840_xxaa/nrf_log_frontend.c.o
 .debug_loc     0x0000000000005769      0xe02 _build/nrf52840_xxaa/boards.c.o
 .debug_loc     0x000000000000656b       0x4c _build/nrf52840_xxaa/main.c.o
 .debug_loc     0x00000000000065b7      0x6a0 _build/nrf52840_xxaa/buttons.c.o

.debug_ranges   0x0000000000000000     0x1830
 .debug_ranges  0x0000000000000000      0xca0 _build/nrf52840_xxaa/nrf_log_frontend.c.o
 .debug_ranges  0x0000000000000ca0      0x8a8 _build/nrf52840_xxaa/boards.c.o
 .debug_ranges  0x0000000000001548       0x10 _build/nrf52840_xxaa/main.c.o
 .debug_ranges  0x0000000000001558       0x40 _build/nrf52840_xxaa/system_nrf52840.c.o
 .debug_ranges  0x0000000000001598      0x298 _build/nrf52840_xxaa/buttons.c.o

.debug_macro    0x0000000000000000    0x178e6
 .debug_macro   0x0000000000000000      0x3e3 _build/nrf52840_xxaa/nrf_log_frontend.c.o
 .debug_macro   0x00000000000003e3      0xaae _build/nrf52840_xxaa/nrf_log_frontend.c.o
 .debug_macro   0x0000000000000e91       0x22 _build/nrf52840_xxaa/nrf_log_frontend.c.o
 .debug_macro   0x0000000000000eb3       0x56 _build/nrf52840_xxaa/nrf_log_frontend.c.o
 .debug_macro   0x0000000000000f09       0x51 _build/nrf52840_xxaa/nrf_log_frontend.c.o
 .debug_macro   0x0000000000000f5a       0xef _build/nrf52840_xxaa/nrf_log_frontend.c.o
 .debug_macro   0x0000000000001049       0x6a _build/nrf52840_xxaa/nrf_log_frontend.c.o
 .debug_macro   0x00000000000010b3      0x1df _build/nrf52840_xxaa/nrf_log_frontend.c.o
 .debug_macro   0x0000000000001292       0x22 _build/nrf52840_xxaa/nrf_log_frontend.c.o
 .debug_macro   0x00000000000012b4       0x5e _build/nrf52840_xxaa/nrf_log_frontend.c.o
 .debug_macro   0x0000000000001312       0x18 _build/nrf52840_xxaa/nrf_log_frontend.c.o
 .debug_macro   0x000000000000132a       0x35 _build/nrf52840_xxaa/nrf_log_frontend.c.o
 .debug_macro   0x000000000000135f       0x34 _build/nrf52840_xxaa/nrf_log_frontend.c.o
 .debug_macro   0x0000000000001393      0x16d _build/nrf52840_xxaa/nrf_log_frontend.c.o
 .debug_macro   0x0000000000001500       0x58 _build/nrf52840_xxaa/nrf_log_frontend.c.o
 .debug_macro   0x0000000000001558       0x1f _build/nrf52840_xxaa/nrf_log_frontend.c.o
 .debug_macro   0x0000000000001577       0x43 _build/nrf52840_xxaa/nrf_log_frontend.c.o
 .debug_macro   0x00000000000015ba       0x20 _build/nrf52840_xxaa/nrf_log_frontend.c.o
 .debug_macro   0x00000000000015da      0x18e _build/nrf52840_xxaa/nrf_log_frontend.c.o
 .debug_macro   0x0000000000001768      0x35c _build/nrf52840_xxaa/nrf_log_frontend.c.o
 .debug_macro   0x0000000000001ac4       0x10 _build/nrf52840_xxaa/nrf_log_frontend.c.o
 .debug_macro   0x0000000000001ad4       0x35 _build/nrf52840_xxaa/nrf_log_frontend.c.o
 .debug_macro   0x0000000000001b09      0x8bb _build/nrf52840_xxaa/nrf_log_frontend.c.o
 .debug_macro   0x00000000000023c4      0x16d _build/nrf52840_xxaa/nrf_log_frontend.c.o
 .debug_macro   0x0000000000002531       0x32 _build/nrf52840_xxaa/nrf_log_frontend.c.o
 .debug_macro   0x0000000000002563       0x22 _build/nrf52840_xxaa/nrf_log_frontend.c.o
 .debug_macro   0x0000000000002585       0x8e _build/nrf52840_xxaa/nrf_log_frontend.c.o
 .debug_macro   0x0000000000002613       0xa7 _build/nrf52840_xxaa/nrf_log_frontend.c.o
 .debug_macro   0x00000000000026ba       0x22 _build/nrf52840_xxaa/nrf_log_frontend.c.o
 .debug_macro   0x00000000000026dc       0x3b _build/nrf52840_xxaa/nrf_log_frontend.c.o
 .debug_macro   0x0000000000002717       0x3b _build/nrf52840_xxaa/nrf_log_frontend.c.o
 .debug_macro   0x0000000000002752       0x50 _build/nrf52840_xxaa/nrf_log_frontend.c.o
 .debug_macro   0x00000000000027a2      0xe66 _build/nrf52840_xxaa/nrf_log_frontend.c.o
 .debug_macro   0x0000000000003608      0x402 _build/nrf52840_xxaa/nrf_log_frontend.c.o
 .debug_macro   0x0000000000003a0a    0x10c7a _build/nrf52840_xxaa/nrf_log_frontend.c.o
 .debug_macro   0x0000000000014684      0xa65 _build/nrf52840_xxaa/nrf_log_frontend.c.o
 .debug_macro   0x00000000000150e9       0x96 _build/nrf52840_xxaa/nrf_log_frontend.c.o
 .debug_macro   0x000000000001517f      0x7bc _build/nrf52840_xxaa/nrf_log_frontend.c.o
 .debug_macro   0x000000000001593b       0x16 _build/nrf52840_xxaa/nrf_log_frontend.c.o
 .debug_macro   0x0000000000015951       0x4e _build/nrf52840_xxaa/nrf_log_frontend.c.o
 .debug_macro   0x000000000001599f       0x1c _build/nrf52840_xxaa/nrf_log_frontend.c.o
 .debug_macro   0x00000000000159bb       0x10 _build/nrf52840_xxaa/nrf_log_frontend.c.o
 .debug_macro   0x00000000000159cb       0x10 _build/nrf52840_xxaa/nrf_log_frontend.c.o
 .debug_macro   0x00000000000159db       0xb6 _build/nrf52840_xxaa/nrf_log_frontend.c.o
 .debug_macro   0x0000000000015a91       0x16 _build/nrf52840_xxaa/nrf_log_frontend.c.o
 .debug_macro   0x0000000000015aa7      0x129 _build/nrf52840_xxaa/nrf_log_frontend.c.o
 .debug_macro   0x0000000000015bd0       0x49 _build/nrf52840_xxaa/nrf_log_frontend.c.o
 .debug_macro   0x0000000000015c19       0x8c _build/nrf52840_xxaa/nrf_log_frontend.c.o
 .debug_macro   0x0000000000015ca5       0x31 _build/nrf52840_xxaa/nrf_log_frontend.c.o
 .debug_macro   0x0000000000015cd6       0x16 _build/nrf52840_xxaa/nrf_log_frontend.c.o
 .debug_macro   0x0000000000015cec       0x55 _build/nrf52840_xxaa/nrf_log_frontend.c.o
 .debug_macro   0x0000000000015d41      0x185 _build/nrf52840_xxaa/nrf_log_frontend.c.o
 .debug_macro   0x0000000000015ec6       0x9a _build/nrf52840_xxaa/nrf_log_frontend.c.o
 .debug_macro   0x0000000000015f60       0x2e _build/nrf52840_xxaa/nrf_log_frontend.c.o
 .debug_macro   0x0000000000015f8e       0x16 _build/nrf52840_xxaa/nrf_log_frontend.c.o
 .debug_macro   0x0000000000015fa4       0x22 _build/nrf52840_xxaa/nrf_log_frontend.c.o
 .debug_macro   0x0000000000015fc6       0x9e _build/nrf52840_xxaa/nrf_log_frontend.c.o
 .debug_macro   0x0000000000016064       0x10 _build/nrf52840_xxaa/nrf_log_frontend.c.o
 .debug_macro   0x0000000000016074       0x1d _build/nrf52840_xxaa/nrf_log_frontend.c.o
 .debug_macro   0x0000000000016091       0x1c _build/nrf52840_xxaa/nrf_log_frontend.c.o
 .debug_macro   0x00000000000160ad      0x33a _build/nrf52840_xxaa/boards.c.o
 .debug_macro   0x00000000000163e7       0x26 _build/nrf52840_xxaa/boards.c.o
 .debug_macro   0x000000000001640d      0x429 _build/nrf52840_xxaa/boards.c.o
 .debug_macro   0x0000000000016836       0x52 _build/nrf52840_xxaa/boards.c.o
 .debug_macro   0x0000000000016888      0x1a7 _build/nrf52840_xxaa/boards.c.o
 .debug_macro   0x0000000000016a2f      0x148 _build/nrf52840_xxaa/boards.c.o
 .debug_macro   0x0000000000016b77       0x3f _build/nrf52840_xxaa/boards.c.o
 .debug_macro   0x0000000000016bb6       0x16 _build/nrf52840_xxaa/boards.c.o
 .debug_macro   0x0000000000016bcc       0x19 _build/nrf52840_xxaa/boards.c.o
 .debug_macro   0x0000000000016be5       0x1d _build/nrf52840_xxaa/boards.c.o
 .debug_macro   0x0000000000016c02       0x35 _build/nrf52840_xxaa/boards.c.o
 .debug_macro   0x0000000000016c37       0x7b _build/nrf52840_xxaa/boards.c.o
 .debug_macro   0x0000000000016cb2       0x64 _build/nrf52840_xxaa/boards.c.o
 .debug_macro   0x0000000000016d16       0x20 _build/nrf52840_xxaa/boards.c.o
 .debug_macro   0x0000000000016d36       0x16 _build/nrf52840_xxaa/boards.c.o
 .debug_macro   0x0000000000016d4c      0x208 _build/nrf52840_xxaa/boards.c.o
 .debug_macro   0x0000000000016f54      0x16d _build/nrf52840_xxaa/boards.c.o
 .debug_macro   0x00000000000170c1      0x361 _build/nrf52840_xxaa/main.c.o
 .debug_macro   0x0000000000017422       0x28 _build/nrf52840_xxaa/main.c.o
 .debug_macro   0x000000000001744a       0x34 _build/nrf52840_xxaa/main.c.o
 .debug_macro   0x000000000001747e       0x10 _build/nrf52840_xxaa/main.c.o
 .debug_macro   0x000000000001748e       0xf1 _build/nrf52840_xxaa/system_nrf52840.c.o
 .debug_macro   0x000000000001757f      0x34b _build/nrf52840_xxaa/buttons.c.o
 .debug_macro   0x00000000000178ca       0x1c _build/nrf52840_xxaa/buttons.c.o

.debug_frame    0x0000000000000000      0x54c
 .debug_frame   0x0000000000000000      0x314 _build/nrf52840_xxaa/nrf_log_frontend.c.o
 .debug_frame   0x0000000000000314       0xf8 _build/nrf52840_xxaa/boards.c.o
 .debug_frame   0x000000000000040c       0x2c _build/nrf52840_xxaa/main.c.o
 .debug_frame   0x0000000000000438       0x40 _build/nrf52840_xxaa/system_nrf52840.c.o
 .debug_frame   0x0000000000000478       0x40 _build/nrf52840_xxaa/buttons.c.o
 .debug_frame   0x00000000000004b8       0x28 /usr/local/gcc_arm/gcc-arm-none-eabi-8-2018-q4-major/bin/../lib/gcc/arm-none-eabi/8.2.1/../../../../arm-none-eabi/lib/thumb/v7e-m+fp/hard/libc_nano.a(lib_a-exit.o)
 .debug_frame   0x00000000000004e0       0x2c /usr/local/gcc_arm/gcc-arm-none-eabi-8-2018-q4-major/bin/../lib/gcc/arm-none-eabi/8.2.1/../../../../arm-none-eabi/lib/thumb/v7e-m+fp/hard/libc_nano.a(lib_a-init.o)
 .debug_frame   0x000000000000050c       0x20 /usr/local/gcc_arm/gcc-arm-none-eabi-8-2018-q4-major/bin/../lib/gcc/arm-none-eabi/8.2.1/../../../../arm-none-eabi/lib/thumb/v7e-m+fp/hard/libc_nano.a(lib_a-memset.o)
 .debug_frame   0x000000000000052c       0x20 /usr/local/gcc_arm/gcc-arm-none-eabi-8-2018-q4-major/bin/../lib/gcc/arm-none-eabi/8.2.1/../../../../arm-none-eabi/lib/thumb/v7e-m+fp/hard/libnosys.a(_exit.o)
