Archive member included to satisfy reference by file (symbol)

/usr/local/gcc_arm/gcc-arm-none-eabi-8-2018-q4-major/bin/../lib/gcc/arm-none-eabi/8.2.1/../../../../arm-none-eabi/lib/thumb/v7e-m+fp/hard/libc_nano.a(lib_a-ctype_.o)
                              _build/nrf52840_xxaa/nrf_log_str_formatter.c.o (_ctype_)
/usr/local/gcc_arm/gcc-arm-none-eabi-8-2018-q4-major/bin/../lib/gcc/arm-none-eabi/8.2.1/../../../../arm-none-eabi/lib/thumb/v7e-m+fp/hard/libc_nano.a(lib_a-exit.o)
                              /usr/local/gcc_arm/gcc-arm-none-eabi-8-2018-q4-major/bin/../lib/gcc/arm-none-eabi/8.2.1/../../../../arm-none-eabi/lib/thumb/v7e-m+fp/hard/crt0.o (exit)
/usr/local/gcc_arm/gcc-arm-none-eabi-8-2018-q4-major/bin/../lib/gcc/arm-none-eabi/8.2.1/../../../../arm-none-eabi/lib/thumb/v7e-m+fp/hard/libc_nano.a(lib_a-impure.o)
                              /usr/local/gcc_arm/gcc-arm-none-eabi-8-2018-q4-major/bin/../lib/gcc/arm-none-eabi/8.2.1/../../../../arm-none-eabi/lib/thumb/v7e-m+fp/hard/libc_nano.a(lib_a-exit.o) (_global_impure_ptr)
/usr/local/gcc_arm/gcc-arm-none-eabi-8-2018-q4-major/bin/../lib/gcc/arm-none-eabi/8.2.1/../../../../arm-none-eabi/lib/thumb/v7e-m+fp/hard/libc_nano.a(lib_a-init.o)
                              /usr/local/gcc_arm/gcc-arm-none-eabi-8-2018-q4-major/bin/../lib/gcc/arm-none-eabi/8.2.1/../../../../arm-none-eabi/lib/thumb/v7e-m+fp/hard/crt0.o (__libc_init_array)
/usr/local/gcc_arm/gcc-arm-none-eabi-8-2018-q4-major/bin/../lib/gcc/arm-none-eabi/8.2.1/../../../../arm-none-eabi/lib/thumb/v7e-m+fp/hard/libc_nano.a(lib_a-memcpy-stub.o)
                              _build/nrf52840_xxaa/nrf_log_frontend.c.o (memcpy)
/usr/local/gcc_arm/gcc-arm-none-eabi-8-2018-q4-major/bin/../lib/gcc/arm-none-eabi/8.2.1/../../../../arm-none-eabi/lib/thumb/v7e-m+fp/hard/libc_nano.a(lib_a-memset.o)
                              /usr/local/gcc_arm/gcc-arm-none-eabi-8-2018-q4-major/bin/../lib/gcc/arm-none-eabi/8.2.1/../../../../arm-none-eabi/lib/thumb/v7e-m+fp/hard/crt0.o (memset)
/usr/local/gcc_arm/gcc-arm-none-eabi-8-2018-q4-major/bin/../lib/gcc/arm-none-eabi/8.2.1/../../../../arm-none-eabi/lib/thumb/v7e-m+fp/hard/libc_nano.a(lib_a-strcpy.o)
                              _build/nrf52840_xxaa/SEGGER_RTT.c.o (strcpy)
/usr/local/gcc_arm/gcc-arm-none-eabi-8-2018-q4-major/bin/../lib/gcc/arm-none-eabi/8.2.1/../../../../arm-none-eabi/lib/thumb/v7e-m+fp/hard/libc_nano.a(lib_a-strlen.o)
                              _build/nrf52840_xxaa/nrf_log_frontend.c.o (strlen)
/usr/local/gcc_arm/gcc-arm-none-eabi-8-2018-q4-major/bin/../lib/gcc/arm-none-eabi/8.2.1/../../../../arm-none-eabi/lib/thumb/v7e-m+fp/hard/libnosys.a(_exit.o)
                              /usr/local/gcc_arm/gcc-arm-none-eabi-8-2018-q4-major/bin/../lib/gcc/arm-none-eabi/8.2.1/../../../../arm-none-eabi/lib/thumb/v7e-m+fp/hard/libc_nano.a(lib_a-exit.o) (_exit)
/usr/local/gcc_arm/gcc-arm-none-eabi-8-2018-q4-major/bin/../lib/gcc/arm-none-eabi/8.2.1/thumb/v7e-m+fp/hard/libgcc.a(_aeabi_ldivmod.o)
                              _build/nrf52840_xxaa/bsp.c.o (__aeabi_ldivmod)
/usr/local/gcc_arm/gcc-arm-none-eabi-8-2018-q4-major/bin/../lib/gcc/arm-none-eabi/8.2.1/thumb/v7e-m+fp/hard/libgcc.a(_aeabi_uldivmod.o)
                              _build/nrf52840_xxaa/bsp.c.o (__aeabi_uldivmod)
/usr/local/gcc_arm/gcc-arm-none-eabi-8-2018-q4-major/bin/../lib/gcc/arm-none-eabi/8.2.1/thumb/v7e-m+fp/hard/libgcc.a(_udivmoddi4.o)
                              /usr/local/gcc_arm/gcc-arm-none-eabi-8-2018-q4-major/bin/../lib/gcc/arm-none-eabi/8.2.1/thumb/v7e-m+fp/hard/libgcc.a(_aeabi_ldivmod.o) (__udivmoddi4)
/usr/local/gcc_arm/gcc-arm-none-eabi-8-2018-q4-major/bin/../lib/gcc/arm-none-eabi/8.2.1/thumb/v7e-m+fp/hard/libgcc.a(_dvmd_tls.o)
                              /usr/local/gcc_arm/gcc-arm-none-eabi-8-2018-q4-major/bin/../lib/gcc/arm-none-eabi/8.2.1/thumb/v7e-m+fp/hard/libgcc.a(_aeabi_ldivmod.o) (__aeabi_ldiv0)

Allocating common symbols
Common symbol       size              file

nrf_drv_uart_use_easy_dma
                    0x2               _build/nrf52840_xxaa/nrf_drv_uart.c.o
m_pwm_ready_counter
                    0xa               _build/nrf52840_xxaa/app_pwm.c.o
m_pwm_PWM1_cb       0x24              _build/nrf52840_xxaa/main.c.o
_SEGGER_RTT         0x78              _build/nrf52840_xxaa/SEGGER_RTT.c.o

Discarded input sections

 .text          0x0000000000000000        0x0 /usr/local/gcc_arm/gcc-arm-none-eabi-8-2018-q4-major/bin/../lib/gcc/arm-none-eabi/8.2.1/thumb/v7e-m+fp/hard/crti.o
 .data          0x0000000000000000        0x0 /usr/local/gcc_arm/gcc-arm-none-eabi-8-2018-q4-major/bin/../lib/gcc/arm-none-eabi/8.2.1/thumb/v7e-m+fp/hard/crti.o
 .bss           0x0000000000000000        0x0 /usr/local/gcc_arm/gcc-arm-none-eabi-8-2018-q4-major/bin/../lib/gcc/arm-none-eabi/8.2.1/thumb/v7e-m+fp/hard/crti.o
 .data          0x0000000000000000        0x4 /usr/local/gcc_arm/gcc-arm-none-eabi-8-2018-q4-major/bin/../lib/gcc/arm-none-eabi/8.2.1/thumb/v7e-m+fp/hard/crtbegin.o
[...]
Memory Configuration

Name             Origin             Length             Attributes
FLASH            0x0000000000000000 0x0000000000100000 xr
RAM              0x0000000020000000 0x0000000000040000 xrw
*default*        0x0000000000000000 0xffffffffffffffff

Linker script and memory map


.text           0x0000000000000000     0x49fc
 *(.isr_vector)
 .isr_vector    0x0000000000000000      0x200 _build/nrf52840_xxaa/gcc_startup_nrf52840.S.o
                0x0000000000000000                __isr_vector
 *(.text*)
 .text          0x0000000000000200       0x40 /usr/local/gcc_arm/gcc-arm-none-eabi-8-2018-q4-major/bin/../lib/gcc/arm-none-eabi/8.2.1/thumb/v7e-m+fp/hard/crtbegin.o
 .text          0x0000000000000240       0x74 /usr/local/gcc_arm/gcc-arm-none-eabi-8-2018-q4-major/bin/../lib/gcc/arm-none-eabi/8.2.1/../../../../arm-none-eabi/lib/thumb/v7e-m+fp/hard/crt0.o
                0x0000000000000240                _mainCRTStartup
                0x0000000000000240                _start
 .text          0x00000000000002b4       0x3c _build/nrf52840_xxaa/gcc_startup_nrf52840.S.o
                0x00000000000002b4                Reset_Handler
                0x00000000000002dc                NMI_Handler
                0x00000000000002de                HardFault_Handler
                0x00000000000002e0                MemoryManagement_Handler
                0x00000000000002e2                BusFault_Handler
                0x00000000000002e4                UsageFault_Handler
                0x00000000000002e6                SVC_Handler
                0x00000000000002e8                DebugMon_Handler
                0x00000000000002ea                PendSV_Handler
                0x00000000000002ec                SysTick_Handler
                0x00000000000002ee                PWM3_IRQHandler
                0x00000000000002ee                FPU_IRQHandler
                0x00000000000002ee                USBD_IRQHandler
                0x00000000000002ee                SPIM0_SPIS0_TWIM0_TWIS0_SPI0_TWI0_IRQHandler
                0x00000000000002ee                TIMER4_IRQHandler
                0x00000000000002ee                CRYPTOCELL_IRQHandler
                0x00000000000002ee                I2S_IRQHandler
                0x00000000000002ee                SWI4_EGU4_IRQHandler
                0x00000000000002ee                TIMER0_IRQHandler
                0x00000000000002ee                UARTE1_IRQHandler
                0x00000000000002ee                TIMER1_IRQHandler
                0x00000000000002ee                SPIM3_IRQHandler
                0x00000000000002ee                PWM2_IRQHandler
                0x00000000000002ee                ECB_IRQHandler
                0x00000000000002ee                SPIM1_SPIS1_TWIM1_TWIS1_SPI1_TWI1_IRQHandler
                0x00000000000002ee                Default_Handler
                0x00000000000002ee                SAADC_IRQHandler
                0x00000000000002ee                CCM_AAR_IRQHandler
                0x00000000000002ee                WDT_IRQHandler
                0x00000000000002ee                SWI5_EGU5_IRQHandler
                0x00000000000002ee                RNG_IRQHandler
                0x00000000000002ee                RTC2_IRQHandler
                0x00000000000002ee                PWM0_IRQHandler
                0x00000000000002ee                SWI3_EGU3_IRQHandler
                0x00000000000002ee                SWI1_EGU1_IRQHandler
                0x00000000000002ee                SPIM2_SPIS2_SPI2_IRQHandler
                0x00000000000002ee                NFCT_IRQHandler
                0x00000000000002ee                MWU_IRQHandler
                0x00000000000002ee                QSPI_IRQHandler
                0x00000000000002ee                TIMER2_IRQHandler
                0x00000000000002ee                COMP_LPCOMP_IRQHandler
                0x00000000000002ee                RTC0_IRQHandler
                0x00000000000002ee                SWI2_EGU2_IRQHandler
                0x00000000000002ee                PWM1_IRQHandler
                0x00000000000002ee                POWER_CLOCK_IRQHandler
                0x00000000000002ee                RADIO_IRQHandler
                0x00000000000002ee                PDM_IRQHandler
                0x00000000000002ee                TEMP_IRQHandler
                0x00000000000002ee                QDEC_IRQHandler
                0x00000000000002ee                TIMER3_IRQHandler
 .text.nrf_log_backend_serial_put
                0x00000000000002f0       0xd4 _build/nrf52840_xxaa/nrf_log_backend_serial.c.o
                0x00000000000002f0                nrf_log_backend_serial_put
 .text.uart_evt_handler
                0x00000000000003c4        0xc _build/nrf52840_xxaa/nrf_log_backend_uart.c.o
 .text.nrf_log_backend_uart_flush
                0x00000000000003d0        0x4 _build/nrf52840_xxaa/nrf_log_backend_uart.c.o
 .text.nrf_log_backend_uart_put
                0x00000000000003d4       0x20 _build/nrf52840_xxaa/nrf_log_backend_uart.c.o
 .text.serial_tx
                0x00000000000003f4       0x4c _build/nrf52840_xxaa/nrf_log_backend_uart.c.o
 .text.nrf_log_backend_uart_panic_set
                0x0000000000000440       0x64 _build/nrf52840_xxaa/nrf_log_backend_uart.c.o
 .text.nrf_log_backend_uart_init
                0x00000000000004a4       0x4c _build/nrf52840_xxaa/nrf_log_backend_uart.c.o
                0x00000000000004a4                nrf_log_backend_uart_init
 .text.nrf_log_default_backends_init
                0x00000000000004f0       0x20 _build/nrf52840_xxaa/nrf_log_default_backends.c.o
                0x00000000000004f0                nrf_log_default_backends_init
 .text.nrf_log_init
                0x0000000000000510       0x40 _build/nrf52840_xxaa/nrf_log_frontend.c.o
                0x0000000000000510                nrf_log_init
 .text.nrf_log_module_name_get
                0x0000000000000550       0x58 _build/nrf52840_xxaa/nrf_log_frontend.c.o
                0x0000000000000550                nrf_log_module_name_get
 .text.nrf_log_color_id_get
                0x00000000000005a8       0x2c _build/nrf52840_xxaa/nrf_log_frontend.c.o
                0x00000000000005a8                nrf_log_color_id_get
 .text.nrf_log_frontend_dequeue
                0x00000000000005d4      0x41c _build/nrf52840_xxaa/nrf_log_frontend.c.o
                0x00000000000005d4                nrf_log_frontend_dequeue
 .text.nrf_log_frontend_std_0
                0x00000000000009f0      0x1a8 _build/nrf52840_xxaa/nrf_log_frontend.c.o
                0x00000000000009f0                nrf_log_frontend_std_0
 .text.nrf_log_backend_add
                0x0000000000000b98       0x74 _build/nrf52840_xxaa/nrf_log_frontend.c.o
                0x0000000000000b98                nrf_log_backend_add
 .text.nrf_log_panic
                0x0000000000000c0c       0x2c _build/nrf52840_xxaa/nrf_log_frontend.c.o
                0x0000000000000c0c                nrf_log_panic
 .text.prefix_process
                0x0000000000000c38       0x80 _build/nrf52840_xxaa/nrf_log_str_formatter.c.o
 .text.nrf_log_std_entry_process
                0x0000000000000cb8       0xec _build/nrf52840_xxaa/nrf_log_str_formatter.c.o
                0x0000000000000cb8                nrf_log_std_entry_process
 .text.nrf_log_hexdump_entry_process
                0x0000000000000da4       0xfc _build/nrf52840_xxaa/nrf_log_str_formatter.c.o
                0x0000000000000da4                nrf_log_hexdump_entry_process
 .text.bsp_board_led_state_get
                0x0000000000000ea0       0x28 _build/nrf52840_xxaa/boards.c.o
                0x0000000000000ea0                bsp_board_led_state_get
 .text.bsp_board_led_on
                0x0000000000000ec8       0x24 _build/nrf52840_xxaa/boards.c.o
                0x0000000000000ec8                bsp_board_led_on
 .text.bsp_board_led_off
                0x0000000000000eec       0x24 _build/nrf52840_xxaa/boards.c.o
                0x0000000000000eec                bsp_board_led_off
 .text.bsp_board_leds_off
                0x0000000000000f10       0x2c _build/nrf52840_xxaa/boards.c.o
                0x0000000000000f10                bsp_board_leds_off
 .text.bsp_board_leds_on
                0x0000000000000f3c       0x2c _build/nrf52840_xxaa/boards.c.o
                0x0000000000000f3c                bsp_board_leds_on
 .text.bsp_board_led_invert
                0x0000000000000f68       0x34 _build/nrf52840_xxaa/boards.c.o
                0x0000000000000f68                bsp_board_led_invert
 .text.bsp_board_button_state_get
                0x0000000000000f9c       0x28 _build/nrf52840_xxaa/boards.c.o
                0x0000000000000f9c                bsp_board_button_state_get
 .text.bsp_board_pin_to_button_idx
                0x0000000000000fc4       0x24 _build/nrf52840_xxaa/boards.c.o
                0x0000000000000fc4                bsp_board_pin_to_button_idx
 .text.bsp_board_init
                0x0000000000000fe8       0x5c _build/nrf52840_xxaa/boards.c.o
                0x0000000000000fe8                bsp_board_init
 .text.detection_delay_timeout_handler
                0x0000000000001044      0x120 _build/nrf52840_xxaa/app_button.c.o
 .text.gpiote_event_handler
                0x0000000000001164       0x9c _build/nrf52840_xxaa/app_button.c.o
 .text.app_button_init
                0x0000000000001200       0xb0 _build/nrf52840_xxaa/app_button.c.o
                0x0000000000001200                app_button_init
 .text.app_button_enable
                0x00000000000012b0       0x2c _build/nrf52840_xxaa/app_button.c.o
                0x00000000000012b0                app_button_enable
 .text.app_error_handler_bare
                0x00000000000012dc       0x20 _build/nrf52840_xxaa/app_error.c.o
                0x00000000000012dc                app_error_handler_bare
 .text.app_error_fault_handler
                0x00000000000012fc       0x70 _build/nrf52840_xxaa/app_error_weak.c.o
                0x00000000000012fc                app_error_fault_handler
 .text.RTC1_IRQHandler
                0x000000000000136c       0xa0 _build/nrf52840_xxaa/app_timer.c.o
                0x000000000000136c                RTC1_IRQHandler
 .text.SWI0_EGU0_IRQHandler
                0x000000000000140c      0x3e4 _build/nrf52840_xxaa/app_timer.c.o
                0x000000000000140c                SWI0_EGU0_IRQHandler
 .text.app_timer_init
                0x00000000000017f0       0xa8 _build/nrf52840_xxaa/app_timer.c.o
                0x00000000000017f0                app_timer_init
 .text.app_timer_create
                0x0000000000001898       0x24 _build/nrf52840_xxaa/app_timer.c.o
                0x0000000000001898                app_timer_create
 .text.app_timer_start
                0x00000000000018bc       0x9c _build/nrf52840_xxaa/app_timer.c.o
                0x00000000000018bc                app_timer_start
 .text.app_timer_stop
                0x0000000000001958       0x68 _build/nrf52840_xxaa/app_timer.c.o
                0x0000000000001958                app_timer_stop
 .text.app_util_critical_region_enter
                0x00000000000019c0       0x10 _build/nrf52840_xxaa/app_util_platform.c.o
                0x00000000000019c0                app_util_critical_region_enter
 .text.app_util_critical_region_exit
                0x00000000000019d0       0x14 _build/nrf52840_xxaa/app_util_platform.c.o
                0x00000000000019d0                app_util_critical_region_exit
 .text.nrf_atomic_u32_fetch_store
                0x00000000000019e4       0x14 _build/nrf52840_xxaa/nrf_atomic.c.o
                0x00000000000019e4                nrf_atomic_u32_fetch_store
 .text.nrf_atomic_u32_add
                0x00000000000019f8       0x18 _build/nrf52840_xxaa/nrf_atomic.c.o
                0x00000000000019f8                nrf_atomic_u32_add
 .text.nrf_atomic_u32_sub
                0x0000000000001a10       0x18 _build/nrf52840_xxaa/nrf_atomic.c.o
                0x0000000000001a10                nrf_atomic_u32_sub
 .text.nrf_atomic_flag_set
                0x0000000000001a28       0x18 _build/nrf52840_xxaa/nrf_atomic.c.o
                0x0000000000001a28                nrf_atomic_flag_set
 .text.nrf_atomic_flag_clear_fetch
                0x0000000000001a40       0x18 _build/nrf52840_xxaa/nrf_atomic.c.o
                0x0000000000001a40                nrf_atomic_flag_clear_fetch
 .text.nrf_balloc_init
                0x0000000000001a58       0x38 _build/nrf52840_xxaa/nrf_balloc.c.o
                0x0000000000001a58                nrf_balloc_init
 .text.nrf_balloc_alloc
                0x0000000000001a90       0x4c _build/nrf52840_xxaa/nrf_balloc.c.o
                0x0000000000001a90                nrf_balloc_alloc
 .text.nrf_balloc_free
                0x0000000000001adc       0x2c _build/nrf52840_xxaa/nrf_balloc.c.o
                0x0000000000001adc                nrf_balloc_free
 .text.nrf_fprintf_buffer_flush
                0x0000000000001b08       0x18 _build/nrf52840_xxaa/nrf_fprintf.c.o
                0x0000000000001b08                nrf_fprintf_buffer_flush
 .text.nrf_fprintf
                0x0000000000001b20       0x20 _build/nrf52840_xxaa/nrf_fprintf.c.o
                0x0000000000001b20                nrf_fprintf
 .text.unsigned_print
                0x0000000000001b40      0x158 _build/nrf52840_xxaa/nrf_fprintf_format.c.o
 .text.nrf_fprintf_fmt
                0x0000000000001c98      0x73c _build/nrf52840_xxaa/nrf_fprintf_format.c.o
                0x0000000000001c98                nrf_fprintf_fmt
 .text.nrf_memobj_pool_init
                0x00000000000023d4        0x4 _build/nrf52840_xxaa/nrf_memobj.c.o
                0x00000000000023d4                nrf_memobj_pool_init
 .text.nrf_memobj_alloc
                0x00000000000023d8       0x98 _build/nrf52840_xxaa/nrf_memobj.c.o
                0x00000000000023d8                nrf_memobj_alloc
 .text.nrf_memobj_get
                0x0000000000002470        0x8 _build/nrf52840_xxaa/nrf_memobj.c.o
                0x0000000000002470                nrf_memobj_get
 .text.nrf_memobj_put
                0x0000000000002478       0x58 _build/nrf52840_xxaa/nrf_memobj.c.o
                0x0000000000002478                nrf_memobj_put
 .text.nrf_memobj_write
                0x00000000000024d0       0x68 _build/nrf52840_xxaa/nrf_memobj.c.o
                0x00000000000024d0                nrf_memobj_write
 .text.nrf_memobj_read
                0x0000000000002538       0x68 _build/nrf52840_xxaa/nrf_memobj.c.o
                0x0000000000002538                nrf_memobj_read
 .text.nrf_ringbuf_init
                0x00000000000025a0       0x1c _build/nrf52840_xxaa/nrf_ringbuf.c.o
                0x00000000000025a0                nrf_ringbuf_init
 .text.uarte_evt_handler
                0x00000000000025bc       0x34 _build/nrf52840_xxaa/nrf_drv_uart.c.o
 .text.uart_evt_handler
                0x00000000000025f0       0x34 _build/nrf52840_xxaa/nrf_drv_uart.c.o
 .text.nrf_drv_uart_init
                0x0000000000002624       0x88 _build/nrf52840_xxaa/nrf_drv_uart.c.o
                0x0000000000002624                nrf_drv_uart_init
 .text.nrfx_gpiote_init
                0x00000000000026ac       0x9c _build/nrf52840_xxaa/nrfx_gpiote.c.o
                0x00000000000026ac                nrfx_gpiote_init
 .text.nrfx_gpiote_is_init
                0x0000000000002748       0x14 _build/nrf52840_xxaa/nrfx_gpiote.c.o
                0x0000000000002748                nrfx_gpiote_is_init
 .text.nrfx_gpiote_in_init
                0x000000000000275c      0x1d0 _build/nrf52840_xxaa/nrfx_gpiote.c.o
                0x000000000000275c                nrfx_gpiote_in_init
 .text.nrfx_gpiote_in_event_enable
                0x000000000000292c       0xf4 _build/nrf52840_xxaa/nrfx_gpiote.c.o
                0x000000000000292c                nrfx_gpiote_in_event_enable
 .text.nrfx_gpiote_in_is_set
                0x0000000000002a20       0x20 _build/nrf52840_xxaa/nrfx_gpiote.c.o
                0x0000000000002a20                nrfx_gpiote_in_is_set
 .text.GPIOTE_IRQHandler
                0x0000000000002a40      0x59c _build/nrf52840_xxaa/nrfx_gpiote.c.o
                0x0000000000002a40                GPIOTE_IRQHandler
 .text.UARTE0_UART0_IRQHandler
                0x0000000000002fdc        0xc _build/nrf52840_xxaa/nrfx_prs.c.o
                0x0000000000002fdc                UARTE0_UART0_IRQHandler
 .text.nrfx_prs_acquire
                0x0000000000002fe8       0x3c _build/nrf52840_xxaa/nrfx_prs.c.o
                0x0000000000002fe8                nrfx_prs_acquire
 .text.nrfx_prs_release
                0x0000000000003024       0x18 _build/nrf52840_xxaa/nrfx_prs.c.o
                0x0000000000003024                nrfx_prs_release
 .text.nrfx_uart_0_irq_handler
                0x000000000000303c      0x1c0 _build/nrf52840_xxaa/nrfx_uart.c.o
                0x000000000000303c                nrfx_uart_0_irq_handler
 .text.nrfx_uart_init
                0x00000000000031fc      0x1e0 _build/nrf52840_xxaa/nrfx_uart.c.o
                0x00000000000031fc                nrfx_uart_init
 .text.nrfx_uart_uninit
                0x00000000000033dc       0xfc _build/nrf52840_xxaa/nrfx_uart.c.o
                0x00000000000033dc                nrfx_uart_uninit
 .text.nrfx_uart_tx
                0x00000000000034d8       0xcc _build/nrf52840_xxaa/nrfx_uart.c.o
                0x00000000000034d8                nrfx_uart_tx
 .text.nrfx_uarte_0_irq_handler
                0x00000000000035a4      0x124 _build/nrf52840_xxaa/nrfx_uarte.c.o
                0x00000000000035a4                nrfx_uarte_0_irq_handler
 .text.nrfx_uarte_init
                0x00000000000036c8      0x204 _build/nrf52840_xxaa/nrfx_uarte.c.o
                0x00000000000036c8                nrfx_uarte_init
 .text.nrfx_uarte_uninit
                0x00000000000038cc      0x100 _build/nrf52840_xxaa/nrfx_uarte.c.o
                0x00000000000038cc                nrfx_uarte_uninit
 .text.nrfx_uarte_tx
                0x00000000000039cc       0xa4 _build/nrf52840_xxaa/nrfx_uarte.c.o
                0x00000000000039cc                nrfx_uarte_tx
 .text.alert_timer_handler
                0x0000000000003a70        0x8 _build/nrf52840_xxaa/bsp.c.o
 .text.bsp_button_event_handler
                0x0000000000003a78       0xa4 _build/nrf52840_xxaa/bsp.c.o
 .text.button_timer_handler
                0x0000000000003b1c       0x30 _build/nrf52840_xxaa/bsp.c.o
 .text.bsp_led_indication
                0x0000000000003b4c      0x31c _build/nrf52840_xxaa/bsp.c.o
 .text.leds_timer_handler
                0x0000000000003e68       0x1c _build/nrf52840_xxaa/bsp.c.o
 .text.bsp_button_is_pressed
                0x0000000000003e84        0xc _build/nrf52840_xxaa/bsp.c.o
                0x0000000000003e84                bsp_button_is_pressed
 .text.bsp_init
                0x0000000000003e90       0xc0 _build/nrf52840_xxaa/bsp.c.o
                0x0000000000003e90                bsp_init
 .text.bsp_evt_handler
                0x0000000000003f50      0x104 _build/nrf52840_xxaa/main.c.o
 .text.bsp_configuration
                0x0000000000004054       0x2c _build/nrf52840_xxaa/main.c.o
                0x0000000000004054                bsp_configuration
 .text.startup.main
                0x0000000000004080       0xe8 _build/nrf52840_xxaa/main.c.o
                0x0000000000004080                main
 .text.SystemInit
                0x0000000000004168      0x1c4 _build/nrf52840_xxaa/system_nrf52840.c.o
                0x0000000000004168                SystemInit
 .text.exit     0x000000000000432c       0x28 /usr/local/gcc_arm/gcc-arm-none-eabi-8-2018-q4-major/bin/../lib/gcc/arm-none-eabi/8.2.1/../../../../arm-none-eabi/lib/thumb/v7e-m+fp/hard/libc_nano.a(lib_a-exit.o)
                0x000000000000432c                exit
 .text.__libc_init_array
                0x0000000000004354       0x48 /usr/local/gcc_arm/gcc-arm-none-eabi-8-2018-q4-major/bin/../lib/gcc/arm-none-eabi/8.2.1/../../../../arm-none-eabi/lib/thumb/v7e-m+fp/hard/libc_nano.a(lib_a-init.o)
                0x0000000000004354                __libc_init_array
 .text.memcpy   0x000000000000439c       0x1c /usr/local/gcc_arm/gcc-arm-none-eabi-8-2018-q4-major/bin/../lib/gcc/arm-none-eabi/8.2.1/../../../../arm-none-eabi/lib/thumb/v7e-m+fp/hard/libc_nano.a(lib_a-memcpy-stub.o)
                0x000000000000439c                memcpy
 .text.memset   0x00000000000043b8       0x10 /usr/local/gcc_arm/gcc-arm-none-eabi-8-2018-q4-major/bin/../lib/gcc/arm-none-eabi/8.2.1/../../../../arm-none-eabi/lib/thumb/v7e-m+fp/hard/libc_nano.a(lib_a-memset.o)
                0x00000000000043b8                memset
 .text          0x00000000000043c8       0x10 /usr/local/gcc_arm/gcc-arm-none-eabi-8-2018-q4-major/bin/../lib/gcc/arm-none-eabi/8.2.1/../../../../arm-none-eabi/lib/thumb/v7e-m+fp/hard/libc_nano.a(lib_a-strlen.o)
                0x00000000000043c8                strlen
 .text._exit    0x00000000000043d8        0x4 /usr/local/gcc_arm/gcc-arm-none-eabi-8-2018-q4-major/bin/../lib/gcc/arm-none-eabi/8.2.1/../../../../arm-none-eabi/lib/thumb/v7e-m+fp/hard/libnosys.a(_exit.o)
                0x00000000000043d8                _exit
 .text          0x00000000000043dc       0x30 /usr/local/gcc_arm/gcc-arm-none-eabi-8-2018-q4-major/bin/../lib/gcc/arm-none-eabi/8.2.1/thumb/v7e-m+fp/hard/libgcc.a(_aeabi_uldivmod.o)
                0x00000000000043dc                __aeabi_uldivmod
 .text          0x000000000000440c      0x2d0 /usr/local/gcc_arm/gcc-arm-none-eabi-8-2018-q4-major/bin/../lib/gcc/arm-none-eabi/8.2.1/thumb/v7e-m+fp/hard/libgcc.a(_udivmoddi4.o)
                0x000000000000440c                __udivmoddi4
 .text          0x00000000000046dc        0x4 /usr/local/gcc_arm/gcc-arm-none-eabi-8-2018-q4-major/bin/../lib/gcc/arm-none-eabi/8.2.1/thumb/v7e-m+fp/hard/libgcc.a(_dvmd_tls.o)
                0x00000000000046dc                __aeabi_ldiv0
                0x00000000000046dc                __aeabi_idiv0
 *(.init)
 .init          0x00000000000046e0        0x4 /usr/local/gcc_arm/gcc-arm-none-eabi-8-2018-q4-major/bin/../lib/gcc/arm-none-eabi/8.2.1/thumb/v7e-m+fp/hard/crti.o
                0x00000000000046e0                _init
 .init          0x00000000000046e4        0x8 /usr/local/gcc_arm/gcc-arm-none-eabi-8-2018-q4-major/bin/../lib/gcc/arm-none-eabi/8.2.1/thumb/v7e-m+fp/hard/crtn.o
 *(.fini)
 .fini          0x00000000000046ec        0x4 /usr/local/gcc_arm/gcc-arm-none-eabi-8-2018-q4-major/bin/../lib/gcc/arm-none-eabi/8.2.1/thumb/v7e-m+fp/hard/crti.o
                0x00000000000046ec                _fini
 .fini          0x00000000000046f0        0x8 /usr/local/gcc_arm/gcc-arm-none-eabi-8-2018-q4-major/bin/../lib/gcc/arm-none-eabi/8.2.1/thumb/v7e-m+fp/hard/crtn.o
 *crtbegin.o(.ctors)
 *crtbegin?.o(.ctors)
 *(EXCLUDE_FILE(*crtend.o *crtend?.o) .ctors)
 *(SORT_BY_NAME(.ctors.*))
 *(.ctors)
 *crtbegin.o(.dtors)
 *crtbegin?.o(.dtors)
 *(EXCLUDE_FILE(*crtend.o *crtend?.o) .dtors)
 *(SORT_BY_NAME(.dtors.*))
 *(.dtors)
 *(.rodata*)
 .rodata        0x00000000000046f8       0x20 _build/nrf52840_xxaa/nrf_log_backend_uart.c.o
 .rodata.nrf_log_backend_uart_api
                0x0000000000004718        0xc _build/nrf52840_xxaa/nrf_log_backend_uart.c.o
                0x0000000000004718                nrf_log_backend_uart_api
 .rodata.str1.4
                0x0000000000004724       0x11 _build/nrf52840_xxaa/nrf_log_default_backends.c.o
 *fill*         0x0000000000004735        0x3 
 .rodata.m_log_push_ringbuf
                0x0000000000004738        0xc _build/nrf52840_xxaa/nrf_log_frontend.c.o
 .rodata.nrf_log_frontend_dequeue.str1.4
                0x0000000000004744       0x11 _build/nrf52840_xxaa/nrf_log_frontend.c.o
 *fill*         0x0000000000004755        0x3 
 .rodata.str1.4
                0x0000000000004758        0x4 _build/nrf52840_xxaa/nrf_log_frontend.c.o
 .rodata.m_colors
                0x000000000000475c       0x24 _build/nrf52840_xxaa/nrf_log_str_formatter.c.o
 .rodata.nrf_log_hexdump_entry_process.str1.4
                0x0000000000004780       0x13 _build/nrf52840_xxaa/nrf_log_str_formatter.c.o
                                         0x16 (size before relaxing)
 *fill*         0x0000000000004793        0x1 
 .rodata.nrf_log_std_entry_process.str1.4
                0x0000000000004794        0x3 _build/nrf52840_xxaa/nrf_log_str_formatter.c.o
 *fill*         0x0000000000004797        0x1 
 .rodata.prefix_process.str1.4
                0x0000000000004798       0x36 _build/nrf52840_xxaa/nrf_log_str_formatter.c.o
 *fill*         0x00000000000047ce        0x2 
 .rodata.severity_names
                0x00000000000047d0       0x14 _build/nrf52840_xxaa/nrf_log_str_formatter.c.o
 .rodata.str1.4
                0x00000000000047e4       0x56 _build/nrf52840_xxaa/nrf_log_str_formatter.c.o
 *fill*         0x000000000000483a        0x2 
 .rodata.m_board_btn_list
                0x000000000000483c        0x4 _build/nrf52840_xxaa/boards.c.o
 .rodata.m_board_led_list
                0x0000000000004840        0x4 _build/nrf52840_xxaa/boards.c.o
 .rodata.m_detection_delay_timer_id
                0x0000000000004844        0x4 _build/nrf52840_xxaa/app_button.c.o
 .rodata.app_error_fault_handler.str1.4
                0x0000000000004848       0x19 _build/nrf52840_xxaa/app_error_weak.c.o
 *fill*         0x0000000000004861        0xf 
 .rodata.delay_machine_code.8641
                0x0000000000004870        0x6 _build/nrf52840_xxaa/app_timer.c.o
 *fill*         0x0000000000004876        0x2 
 .rodata._aV2C.7726
                0x0000000000004878       0x10 _build/nrf52840_xxaa/nrf_fprintf_format.c.o
 .rodata.str1.4
                0x0000000000004888        0x7 _build/nrf52840_xxaa/nrfx_gpiote.c.o
 *fill*         0x000000000000488f        0x1 
 .rodata.str1.4
                0x0000000000004890        0x4 _build/nrf52840_xxaa/nrfx_prs.c.o
 .rodata.str1.4
                0x0000000000004894        0x5 _build/nrf52840_xxaa/nrfx_uart.c.o
 *fill*         0x0000000000004899        0x3 
 .rodata.str1.4
                0x000000000000489c        0x6 _build/nrf52840_xxaa/nrfx_uarte.c.o
 *fill*         0x00000000000048a2        0x2 
 .rodata.app_buttons
                0x00000000000048a4       0x20 _build/nrf52840_xxaa/bsp.c.o
 .rodata.m_bsp_alert_tmr
                0x00000000000048c4        0x4 _build/nrf52840_xxaa/bsp.c.o
 .rodata.m_bsp_button_tmr
                0x00000000000048c8        0x4 _build/nrf52840_xxaa/bsp.c.o
 .rodata.m_bsp_leds_tmr
                0x00000000000048cc        0x4 _build/nrf52840_xxaa/bsp.c.o
 .rodata.delay_machine_code.8239
                0x00000000000048d0        0x6 _build/nrf52840_xxaa/main.c.o
 *fill*         0x00000000000048d6        0x2 
 .rodata.main.str1.4
                0x00000000000048d8       0x18 _build/nrf52840_xxaa/main.c.o
                                         0x15 (size before relaxing)
 .rodata._ctype_
                0x00000000000048f0      0x101 /usr/local/gcc_arm/gcc-arm-none-eabi-8-2018-q4-major/bin/../lib/gcc/arm-none-eabi/8.2.1/../../../../arm-none-eabi/lib/thumb/v7e-m+fp/hard/libc_nano.a(lib_a-ctype_.o)
                0x00000000000048f0                _ctype_
 *fill*         0x00000000000049f1        0x3 
 .rodata._global_impure_ptr
                0x00000000000049f4        0x4 /usr/local/gcc_arm/gcc-arm-none-eabi-8-2018-q4-major/bin/../lib/gcc/arm-none-eabi/8.2.1/../../../../arm-none-eabi/lib/thumb/v7e-m+fp/hard/libc_nano.a(lib_a-impure.o)
                0x00000000000049f4                _global_impure_ptr
 *(.eh_frame*)
 .eh_frame      0x00000000000049f8        0x0 /usr/local/gcc_arm/gcc-arm-none-eabi-8-2018-q4-major/bin/../lib/gcc/arm-none-eabi/8.2.1/thumb/v7e-m+fp/hard/crtbegin.o
 .eh_frame      0x00000000000049f8        0x4 /usr/local/gcc_arm/gcc-arm-none-eabi-8-2018-q4-major/bin/../lib/gcc/arm-none-eabi/8.2.1/thumb/v7e-m+fp/hard/crtend.o

.glue_7         0x00000000000049fc        0x0
 .glue_7        0x00000000000049fc        0x0 linker stubs

.glue_7t        0x00000000000049fc        0x0
 .glue_7t       0x00000000000049fc        0x0 linker stubs

.vfp11_veneer   0x00000000000049fc        0x0
 .vfp11_veneer  0x00000000000049fc        0x0 linker stubs

.v4_bx          0x00000000000049fc        0x0
 .v4_bx         0x00000000000049fc        0x0 linker stubs

.iplt           0x00000000000049fc        0x0
 .iplt          0x00000000000049fc        0x0 /usr/local/gcc_arm/gcc-arm-none-eabi-8-2018-q4-major/bin/../lib/gcc/arm-none-eabi/8.2.1/thumb/v7e-m+fp/hard/crtbegin.o

.mem_section_dummy_rom

.log_const_data
                0x00000000000049fc       0x28
                0x00000000000049fc                PROVIDE (__start_log_const_data = .)
 *(SORT_BY_NAME(.log_const_data*))
 .log_const_data_GPIOTE
                0x00000000000049fc        0x8 _build/nrf52840_xxaa/nrfx_gpiote.c.o
                0x00000000000049fc                m_nrf_log_GPIOTE_logs_data_const
 .log_const_data_PRS
                0x0000000000004a04        0x8 _build/nrf52840_xxaa/nrfx_prs.c.o
                0x0000000000004a04                m_nrf_log_PRS_logs_data_const
 .log_const_data_UART
                0x0000000000004a0c        0x8 _build/nrf52840_xxaa/nrfx_uart.c.o
                0x0000000000004a0c                m_nrf_log_UART_logs_data_const
 .log_const_data_UARTE
                0x0000000000004a14        0x8 _build/nrf52840_xxaa/nrfx_uarte.c.o
                0x0000000000004a14                m_nrf_log_UARTE_logs_data_const
 .log_const_data_app
                0x0000000000004a1c        0x8 _build/nrf52840_xxaa/nrf_log_frontend.c.o
                0x0000000000004a1c                m_nrf_log_app_logs_data_const
                0x0000000000004a24                PROVIDE (__stop_log_const_data = .)

.log_backends   0x0000000000004a24       0x10
                [!provide]                        PROVIDE (__start_log_backends = .)
 *(SORT_BY_NAME(.log_backends*))
 .log_backends  0x0000000000004a24       0x10 _build/nrf52840_xxaa/nrf_log_default_backends.c.o
                [!provide]                        PROVIDE (__stop_log_backends = .)

.nrf_balloc     0x0000000000004a34       0x14
                [!provide]                        PROVIDE (__start_nrf_balloc = .)
 *(.nrf_balloc)
 .nrf_balloc    0x0000000000004a34       0x14 _build/nrf52840_xxaa/nrf_log_frontend.c.o
                0x0000000000004a34                log_mempool
                [!provide]                        PROVIDE (__stop_nrf_balloc = .)

.ARM.extab
 *(.ARM.extab* .gnu.linkonce.armextab.*)
                0x0000000000004a48                __exidx_start = .

.ARM.exidx      0x0000000000004a48        0x8
 *(.ARM.exidx* .gnu.linkonce.armexidx.*)
 .ARM.exidx     0x0000000000004a48        0x8 /usr/local/gcc_arm/gcc-arm-none-eabi-8-2018-q4-major/bin/../lib/gcc/arm-none-eabi/8.2.1/../../../../arm-none-eabi/lib/thumb/v7e-m+fp/hard/crt0.o
 .ARM.exidx     0x0000000000004a50        0x0 /usr/local/gcc_arm/gcc-arm-none-eabi-8-2018-q4-major/bin/../lib/gcc/arm-none-eabi/8.2.1/thumb/v7e-m+fp/hard/libgcc.a(_udivmoddi4.o)
                                          0x8 (size before relaxing)
                0x0000000000004a50                __exidx_end = .
                0x0000000000004a50                __etext = .

.rel.dyn        0x0000000000004a50        0x0
 .rel.iplt      0x0000000000004a50        0x0 /usr/local/gcc_arm/gcc-arm-none-eabi-8-2018-q4-major/bin/../lib/gcc/arm-none-eabi/8.2.1/thumb/v7e-m+fp/hard/crtbegin.o

.data           0x0000000020000000       0x88 load address 0x0000000000004a50
                0x0000000020000000                __data_start__ = .
 *(vtable)
 *(.data*)
 .data.m_uart   0x0000000020000000       0x14 _build/nrf52840_xxaa/nrf_log_backend_uart.c.o
                0x0000000020000000                m_uart
 .data.log_backend_cb_uart_log_backend
                0x0000000020000014        0x8 _build/nrf52840_xxaa/nrf_log_default_backends.c.o
 .data.SystemCoreClock
                0x000000002000001c        0x4 _build/nrf52840_xxaa/system_nrf52840.c.o
                0x000000002000001c                SystemCoreClock
 .data.impure_data
                0x0000000020000020       0x60 /usr/local/gcc_arm/gcc-arm-none-eabi-8-2018-q4-major/bin/../lib/gcc/arm-none-eabi/8.2.1/../../../../arm-none-eabi/lib/thumb/v7e-m+fp/hard/libc_nano.a(lib_a-impure.o)
                0x0000000020000080                . = ALIGN (0x4)
                0x0000000020000080                PROVIDE (__preinit_array_start = .)
 *(.preinit_array)
                0x0000000020000080                PROVIDE (__preinit_array_end = .)
                0x0000000020000080                . = ALIGN (0x4)
                0x0000000020000080                PROVIDE (__init_array_start = .)
 *(SORT_BY_NAME(.init_array.*))
 *(.init_array)
 .init_array    0x0000000020000080        0x4 /usr/local/gcc_arm/gcc-arm-none-eabi-8-2018-q4-major/bin/../lib/gcc/arm-none-eabi/8.2.1/thumb/v7e-m+fp/hard/crtbegin.o
                0x0000000020000084                PROVIDE (__init_array_end = .)
                0x0000000020000084                . = ALIGN (0x4)
                [!provide]                        PROVIDE (__fini_array_start = .)
 *(SORT_BY_NAME(.fini_array.*))
 *(.fini_array)
 .fini_array    0x0000000020000084        0x4 /usr/local/gcc_arm/gcc-arm-none-eabi-8-2018-q4-major/bin/../lib/gcc/arm-none-eabi/8.2.1/thumb/v7e-m+fp/hard/crtbegin.o
                [!provide]                        PROVIDE (__fini_array_end = .)
 *(.jcr*)
                0x0000000020000088                . = ALIGN (0x4)
                0x0000000020000088                __data_end__ = .
LOAD /usr/local/gcc_arm/gcc-arm-none-eabi-8-2018-q4-major/bin/../lib/gcc/arm-none-eabi/8.2.1/thumb/v7e-m+fp/hard/crti.o
LOAD /usr/local/gcc_arm/gcc-arm-none-eabi-8-2018-q4-major/bin/../lib/gcc/arm-none-eabi/8.2.1/thumb/v7e-m+fp/hard/crtbegin.o
LOAD /usr/local/gcc_arm/gcc-arm-none-eabi-8-2018-q4-major/bin/../lib/gcc/arm-none-eabi/8.2.1/../../../../arm-none-eabi/lib/thumb/v7e-m+fp/hard/crt0.o
LOAD _build/nrf52840_xxaa/gcc_startup_nrf52840.S.o
LOAD _build/nrf52840_xxaa/nrf_log_backend_rtt.c.o
LOAD _build/nrf52840_xxaa/nrf_log_backend_serial.c.o
LOAD _build/nrf52840_xxaa/nrf_log_backend_uart.c.o
LOAD _build/nrf52840_xxaa/nrf_log_default_backends.c.o
LOAD _build/nrf52840_xxaa/nrf_log_frontend.c.o
LOAD _build/nrf52840_xxaa/nrf_log_str_formatter.c.o
LOAD _build/nrf52840_xxaa/boards.c.o
LOAD _build/nrf52840_xxaa/app_button.c.o
LOAD _build/nrf52840_xxaa/app_error.c.o
LOAD _build/nrf52840_xxaa/app_error_handler_gcc.c.o
LOAD _build/nrf52840_xxaa/app_error_weak.c.o
LOAD _build/nrf52840_xxaa/app_fifo.c.o
LOAD _build/nrf52840_xxaa/app_scheduler.c.o
LOAD _build/nrf52840_xxaa/app_timer.c.o
LOAD _build/nrf52840_xxaa/app_uart_fifo.c.o
LOAD _build/nrf52840_xxaa/app_util_platform.c.o
LOAD _build/nrf52840_xxaa/nrf_assert.c.o
LOAD _build/nrf52840_xxaa/nrf_atomic.c.o
LOAD _build/nrf52840_xxaa/nrf_balloc.c.o
LOAD _build/nrf52840_xxaa/nrf_fprintf.c.o
LOAD _build/nrf52840_xxaa/nrf_fprintf_format.c.o
LOAD _build/nrf52840_xxaa/nrf_memobj.c.o
LOAD _build/nrf52840_xxaa/nrf_ringbuf.c.o
LOAD _build/nrf52840_xxaa/nrf_strerror.c.o
LOAD _build/nrf52840_xxaa/retarget.c.o
LOAD _build/nrf52840_xxaa/nrf_drv_uart.c.o
LOAD _build/nrf52840_xxaa/nrfx_atomic.c.o
LOAD _build/nrf52840_xxaa/nrfx_gpiote.c.o
LOAD _build/nrf52840_xxaa/nrfx_prs.c.o
LOAD _build/nrf52840_xxaa/nrfx_uart.c.o
LOAD _build/nrf52840_xxaa/nrfx_uarte.c.o
LOAD _build/nrf52840_xxaa/bsp.c.o
LOAD _build/nrf52840_xxaa/main.c.o
LOAD _build/nrf52840_xxaa/SEGGER_RTT.c.o
LOAD _build/nrf52840_xxaa/SEGGER_RTT_Syscalls_GCC.c.o
LOAD _build/nrf52840_xxaa/SEGGER_RTT_printf.c.o
LOAD _build/nrf52840_xxaa/system_nrf52840.c.o
LOAD _build/nrf52840_xxaa/app_pwm.c.o
LOAD /usr/local/gcc_arm/gcc-arm-none-eabi-8-2018-q4-major/bin/../lib/gcc/arm-none-eabi/8.2.1/../../../../arm-none-eabi/lib/thumb/v7e-m+fp/hard/libc_nano.a
LOAD /usr/local/gcc_arm/gcc-arm-none-eabi-8-2018-q4-major/bin/../lib/gcc/arm-none-eabi/8.2.1/../../../../arm-none-eabi/lib/thumb/v7e-m+fp/hard/libnosys.a
LOAD /usr/local/gcc_arm/gcc-arm-none-eabi-8-2018-q4-major/bin/../lib/gcc/arm-none-eabi/8.2.1/../../../../arm-none-eabi/lib/thumb/v7e-m+fp/hard/libm.a
START GROUP
LOAD /usr/local/gcc_arm/gcc-arm-none-eabi-8-2018-q4-major/bin/../lib/gcc/arm-none-eabi/8.2.1/thumb/v7e-m+fp/hard/libgcc.a
LOAD /usr/local/gcc_arm/gcc-arm-none-eabi-8-2018-q4-major/bin/../lib/gcc/arm-none-eabi/8.2.1/../../../../arm-none-eabi/lib/thumb/v7e-m+fp/hard/libg_nano.a
LOAD /usr/local/gcc_arm/gcc-arm-none-eabi-8-2018-q4-major/bin/../lib/gcc/arm-none-eabi/8.2.1/../../../../arm-none-eabi/lib/thumb/v7e-m+fp/hard/libc_nano.a
END GROUP
START GROUP
LOAD /usr/local/gcc_arm/gcc-arm-none-eabi-8-2018-q4-major/bin/../lib/gcc/arm-none-eabi/8.2.1/thumb/v7e-m+fp/hard/libgcc.a
LOAD /usr/local/gcc_arm/gcc-arm-none-eabi-8-2018-q4-major/bin/../lib/gcc/arm-none-eabi/8.2.1/../../../../arm-none-eabi/lib/thumb/v7e-m+fp/hard/libc_nano.a
END GROUP
LOAD /usr/local/gcc_arm/gcc-arm-none-eabi-8-2018-q4-major/bin/../lib/gcc/arm-none-eabi/8.2.1/thumb/v7e-m+fp/hard/crtend.o
LOAD /usr/local/gcc_arm/gcc-arm-none-eabi-8-2018-q4-major/bin/../lib/gcc/arm-none-eabi/8.2.1/thumb/v7e-m+fp/hard/crtn.o
START GROUP
LOAD /usr/local/gcc_arm/gcc-arm-none-eabi-8-2018-q4-major/bin/../lib/gcc/arm-none-eabi/8.2.1/thumb/v7e-m+fp/hard/libgcc.a
LOAD /usr/local/gcc_arm/gcc-arm-none-eabi-8-2018-q4-major/bin/../lib/gcc/arm-none-eabi/8.2.1/../../../../arm-none-eabi/lib/thumb/v7e-m+fp/hard/libc.a
LOAD /usr/local/gcc_arm/gcc-arm-none-eabi-8-2018-q4-major/bin/../lib/gcc/arm-none-eabi/8.2.1/../../../../arm-none-eabi/lib/thumb/v7e-m+fp/hard/libnosys.a
END GROUP

.igot.plt       0x0000000020000088        0x0 load address 0x0000000000004ad8
 .igot.plt      0x0000000020000088        0x0 /usr/local/gcc_arm/gcc-arm-none-eabi-8-2018-q4-major/bin/../lib/gcc/arm-none-eabi/8.2.1/thumb/v7e-m+fp/hard/crtbegin.o
                0x0000000020000088                . = ALIGN (0x4)

.mem_section_dummy_ram

.log_dynamic_data
                0x0000000020000088        0x0
                0x0000000020000088                PROVIDE (__start_log_dynamic_data = .)
 *(SORT_BY_NAME(.log_dynamic_data*))
                [!provide]                        PROVIDE (__stop_log_dynamic_data = .)

.log_filter_data
                0x0000000020000088        0x0
                [!provide]                        PROVIDE (__start_log_filter_data = .)
 *(SORT_BY_NAME(.log_filter_data*))
                [!provide]                        PROVIDE (__stop_log_filter_data = .)

.bss            0x0000000020000088      0x8bc load address 0x0000000000004ad8
                0x0000000020000088                . = ALIGN (0x4)
                0x0000000020000088                __bss_start__ = .
 *(.bss*)
 .bss           0x0000000020000088       0x1c /usr/local/gcc_arm/gcc-arm-none-eabi-8-2018-q4-major/bin/../lib/gcc/arm-none-eabi/8.2.1/thumb/v7e-m+fp/hard/crtbegin.o
 .bss.m_async_mode
                0x00000000200000a4        0x1 _build/nrf52840_xxaa/nrf_log_backend_uart.c.o
 *fill*         0x00000000200000a5        0x3 
 .bss.m_string_buff
                0x00000000200000a8       0x40 _build/nrf52840_xxaa/nrf_log_backend_uart.c.o
 .bss.m_xfer_done
                0x00000000200000e8        0x1 _build/nrf52840_xxaa/nrf_log_backend_uart.c.o
 *fill*         0x00000000200000e9        0x3 
 .bss.log_mempool_nrf_balloc_cb
                0x00000000200000ec        0x8 _build/nrf52840_xxaa/nrf_log_frontend.c.o
 .bss.log_mempool_nrf_balloc_pool_mem
                0x00000000200000f4       0xc0 _build/nrf52840_xxaa/nrf_log_frontend.c.o
 .bss.log_mempool_nrf_balloc_pool_stack
                0x00000000200001b4        0x8 _build/nrf52840_xxaa/nrf_log_frontend.c.o
 *fill*         0x00000000200001bc        0x4 
 .bss.m_log_data
                0x00000000200001c0      0x424 _build/nrf52840_xxaa/nrf_log_frontend.c.o
 .bss.m_log_push_ringbuf_buf
                0x00000000200005e4       0x80 _build/nrf52840_xxaa/nrf_log_frontend.c.o
 .bss.m_log_push_ringbuf_cb
                0x0000000020000664       0x18 _build/nrf52840_xxaa/nrf_log_frontend.c.o
 .bss.m_button_count
                0x000000002000067c        0x1 _build/nrf52840_xxaa/app_button.c.o
 *fill*         0x000000002000067d        0x3 
 .bss.m_detection_delay
                0x0000000020000680        0x4 _build/nrf52840_xxaa/app_button.c.o
 .bss.m_detection_delay_timer_id_data
                0x0000000020000684       0x20 _build/nrf52840_xxaa/app_button.c.o
 *fill*         0x00000000200006a4        0x4 
 .bss.m_pin_state
                0x00000000200006a8        0x8 _build/nrf52840_xxaa/app_button.c.o
 .bss.m_pin_transition
                0x00000000200006b0        0x8 _build/nrf52840_xxaa/app_button.c.o
 .bss.mp_buttons
                0x00000000200006b8        0x4 _build/nrf52840_xxaa/app_button.c.o
 .bss.m_op_queue
                0x00000000200006bc      0x10c _build/nrf52840_xxaa/app_timer.c.o
 .bss.m_rtc1_reset
                0x00000000200007c8        0x1 _build/nrf52840_xxaa/app_timer.c.o
 .bss.m_rtc1_running
                0x00000000200007c9        0x1 _build/nrf52840_xxaa/app_timer.c.o
 *fill*         0x00000000200007ca        0x2 
 .bss.m_ticks_elapsed
                0x00000000200007cc        0x8 _build/nrf52840_xxaa/app_timer.c.o
 .bss.m_ticks_elapsed_q_read_ind
                0x00000000200007d4        0x1 _build/nrf52840_xxaa/app_timer.c.o
 .bss.m_ticks_elapsed_q_write_ind
                0x00000000200007d5        0x1 _build/nrf52840_xxaa/app_timer.c.o
 *fill*         0x00000000200007d6        0x2 
 .bss.m_ticks_latest
                0x00000000200007d8        0x4 _build/nrf52840_xxaa/app_timer.c.o
 .bss.mp_timer_id_head
                0x00000000200007dc        0x4 _build/nrf52840_xxaa/app_timer.c.o
 .bss.m_in_critical_region
                0x00000000200007e0        0x4 _build/nrf52840_xxaa/app_util_platform.c.o
 .bss.m_contexts
                0x00000000200007e4        0x8 _build/nrf52840_xxaa/nrf_drv_uart.c.o
 .bss.m_handlers
                0x00000000200007ec        0x8 _build/nrf52840_xxaa/nrf_drv_uart.c.o
 *fill*         0x00000000200007f4        0x4 
 .bss.m_cb      0x00000000200007f8       0x6c _build/nrf52840_xxaa/nrfx_gpiote.c.o
 .bss.m_prs_box_4
                0x0000000020000864        0x8 _build/nrf52840_xxaa/nrfx_prs.c.o
 .bss.m_cb      0x000000002000086c       0x2c _build/nrf52840_xxaa/nrfx_uart.c.o
 .bss.m_cb      0x0000000020000898       0x24 _build/nrf52840_xxaa/nrfx_uarte.c.o
 .bss.current_long_push_pin_no.8773
                0x00000000200008bc        0x1 _build/nrf52840_xxaa/bsp.c.o
 .bss.m_alert_on
                0x00000000200008bd        0x1 _build/nrf52840_xxaa/bsp.c.o
 *fill*         0x00000000200008be        0x2 
 .bss.m_bsp_alert_tmr_data
                0x00000000200008c0       0x20 _build/nrf52840_xxaa/bsp.c.o
 .bss.m_bsp_button_tmr_data
                0x00000000200008e0       0x20 _build/nrf52840_xxaa/bsp.c.o
 .bss.m_bsp_leds_tmr_data
                0x0000000020000900       0x20 _build/nrf52840_xxaa/bsp.c.o
 .bss.m_events_list
                0x0000000020000920        0xc _build/nrf52840_xxaa/bsp.c.o
 .bss.m_indication_type
                0x000000002000092c        0x4 _build/nrf52840_xxaa/bsp.c.o
 .bss.m_leds_clear
                0x0000000020000930        0x1 _build/nrf52840_xxaa/bsp.c.o
 *fill*         0x0000000020000931        0x3 
 .bss.m_registered_callback
                0x0000000020000934        0x4 _build/nrf52840_xxaa/bsp.c.o
 .bss.m_stable_state
                0x0000000020000938        0x1 _build/nrf52840_xxaa/bsp.c.o
 *fill*         0x0000000020000939        0x3 
 .bss.release_event_at_push.8774
                0x000000002000093c        0x4 _build/nrf52840_xxaa/bsp.c.o
 *(COMMON)
 COMMON         0x0000000020000940        0x2 _build/nrf52840_xxaa/nrf_drv_uart.c.o
                0x0000000020000940                nrf_drv_uart_use_easy_dma
                0x0000000020000944                . = ALIGN (0x4)
 *fill*         0x0000000020000942        0x2 
                0x0000000020000944                __bss_end__ = .

.heap           0x0000000020000948     0x2000
                0x0000000020000948                __HeapBase = .
                0x0000000020000948                __end__ = .
                [!provide]                        PROVIDE (end = .)
 *(.heap*)
 .heap          0x0000000020000948     0x2000 _build/nrf52840_xxaa/gcc_startup_nrf52840.S.o
                0x0000000020002948                __HeapLimit = .

.stack_dummy    0x0000000020000948     0x2000
 *(.stack*)
 .stack         0x0000000020000948     0x2000 _build/nrf52840_xxaa/gcc_startup_nrf52840.S.o
                0x0000000020040000                __StackTop = (ORIGIN (RAM) + LENGTH (RAM))
                0x000000002003e000                __StackLimit = (__StackTop - SIZEOF (.stack_dummy))
                0x0000000020040000                PROVIDE (__stack = __StackTop)
                0x0000000000000001                ASSERT ((__StackLimit >= __HeapLimit), region RAM overflowed with stack)
                0x0000000000000088                DataInitFlashUsed = (__bss_start__ - __data_start__)
                0x0000000000004a50                CodeFlashUsed = (__etext - ORIGIN (FLASH))
                0x0000000000004ad8                TotalFlashUsed = (CodeFlashUsed + DataInitFlashUsed)
                0x0000000000000001                ASSERT ((TotalFlashUsed <= LENGTH (FLASH)), region FLASH overflowed with .data and user data)
OUTPUT(_build/nrf52840_xxaa.out elf32-littlearm)

.ARM.attributes
                0x0000000000000000       0x30
 .ARM.attributes
                0x0000000000000000       0x1e /usr/local/gcc_arm/gcc-arm-none-eabi-8-2018-q4-major/bin/../lib/gcc/arm-none-eabi/8.2.1/thumb/v7e-m+fp/hard/crti.o
 .ARM.attributes
                0x000000000000001e       0x34 /usr/local/gcc_arm/gcc-arm-none-eabi-8-2018-q4-major/bin/../lib/gcc/arm-none-eabi/8.2.1/thumb/v7e-m+fp/hard/crtbegin.o
 .ARM.attributes
                0x0000000000000052       0x1c /usr/local/gcc_arm/gcc-arm-none-eabi-8-2018-q4-major/bin/../lib/gcc/arm-none-eabi/8.2.1/../../../../arm-none-eabi/lib/thumb/v7e-m+fp/hard/crt0.o
 .ARM.attributes
                0x000000000000006e       0x20 _build/nrf52840_xxaa/gcc_startup_nrf52840.S.o
 .ARM.attributes
                0x000000000000008e       0x34 _build/nrf52840_xxaa/nrf_log_backend_serial.c.o
 .ARM.attributes
                0x00000000000000c2       0x34 _build/nrf52840_xxaa/nrf_log_backend_uart.c.o
 .ARM.attributes
                0x00000000000000f6       0x34 _build/nrf52840_xxaa/nrf_log_default_backends.c.o
 .ARM.attributes
                0x000000000000012a       0x34 _build/nrf52840_xxaa/nrf_log_frontend.c.o
 .ARM.attributes
                0x000000000000015e       0x34 _build/nrf52840_xxaa/nrf_log_str_formatter.c.o
 .ARM.attributes
                0x0000000000000192       0x34 _build/nrf52840_xxaa/boards.c.o
 .ARM.attributes
                0x00000000000001c6       0x34 _build/nrf52840_xxaa/app_button.c.o
 .ARM.attributes
                0x00000000000001fa       0x34 _build/nrf52840_xxaa/app_error.c.o
 .ARM.attributes
                0x000000000000022e       0x34 _build/nrf52840_xxaa/app_error_weak.c.o
 .ARM.attributes
                0x0000000000000262       0x34 _build/nrf52840_xxaa/app_timer.c.o
 .ARM.attributes
                0x0000000000000296       0x34 _build/nrf52840_xxaa/app_util_platform.c.o
 .ARM.attributes
                0x00000000000002ca       0x34 _build/nrf52840_xxaa/nrf_atomic.c.o
 .ARM.attributes
                0x00000000000002fe       0x34 _build/nrf52840_xxaa/nrf_balloc.c.o
 .ARM.attributes
                0x0000000000000332       0x34 _build/nrf52840_xxaa/nrf_fprintf.c.o
 .ARM.attributes
                0x0000000000000366       0x34 _build/nrf52840_xxaa/nrf_fprintf_format.c.o
 .ARM.attributes
                0x000000000000039a       0x34 _build/nrf52840_xxaa/nrf_memobj.c.o
 .ARM.attributes
                0x00000000000003ce       0x34 _build/nrf52840_xxaa/nrf_ringbuf.c.o
 .ARM.attributes
                0x0000000000000402       0x34 _build/nrf52840_xxaa/nrf_drv_uart.c.o
 .ARM.attributes
                0x0000000000000436       0x34 _build/nrf52840_xxaa/nrfx_gpiote.c.o
 .ARM.attributes
                0x000000000000046a       0x34 _build/nrf52840_xxaa/nrfx_prs.c.o
 .ARM.attributes
                0x000000000000049e       0x34 _build/nrf52840_xxaa/nrfx_uart.c.o
 .ARM.attributes
                0x00000000000004d2       0x34 _build/nrf52840_xxaa/nrfx_uarte.c.o
 .ARM.attributes
                0x0000000000000506       0x34 _build/nrf52840_xxaa/bsp.c.o
 .ARM.attributes
                0x000000000000053a       0x34 _build/nrf52840_xxaa/main.c.o
 .ARM.attributes
                0x000000000000056e       0x34 _build/nrf52840_xxaa/system_nrf52840.c.o
 .ARM.attributes
                0x00000000000005a2       0x32 /usr/local/gcc_arm/gcc-arm-none-eabi-8-2018-q4-major/bin/../lib/gcc/arm-none-eabi/8.2.1/../../../../arm-none-eabi/lib/thumb/v7e-m+fp/hard/libc_nano.a(lib_a-ctype_.o)
 .ARM.attributes
                0x00000000000005d4       0x34 /usr/local/gcc_arm/gcc-arm-none-eabi-8-2018-q4-major/bin/../lib/gcc/arm-none-eabi/8.2.1/../../../../arm-none-eabi/lib/thumb/v7e-m+fp/hard/libc_nano.a(lib_a-exit.o)
 .ARM.attributes
                0x0000000000000608       0x32 /usr/local/gcc_arm/gcc-arm-none-eabi-8-2018-q4-major/bin/../lib/gcc/arm-none-eabi/8.2.1/../../../../arm-none-eabi/lib/thumb/v7e-m+fp/hard/libc_nano.a(lib_a-impure.o)
 .ARM.attributes
                0x000000000000063a       0x34 /usr/local/gcc_arm/gcc-arm-none-eabi-8-2018-q4-major/bin/../lib/gcc/arm-none-eabi/8.2.1/../../../../arm-none-eabi/lib/thumb/v7e-m+fp/hard/libc_nano.a(lib_a-init.o)
 .ARM.attributes
                0x000000000000066e       0x34 /usr/local/gcc_arm/gcc-arm-none-eabi-8-2018-q4-major/bin/../lib/gcc/arm-none-eabi/8.2.1/../../../../arm-none-eabi/lib/thumb/v7e-m+fp/hard/libc_nano.a(lib_a-memcpy-stub.o)
 .ARM.attributes
                0x00000000000006a2       0x34 /usr/local/gcc_arm/gcc-arm-none-eabi-8-2018-q4-major/bin/../lib/gcc/arm-none-eabi/8.2.1/../../../../arm-none-eabi/lib/thumb/v7e-m+fp/hard/libc_nano.a(lib_a-memset.o)
 .ARM.attributes
                0x00000000000006d6       0x17 /usr/local/gcc_arm/gcc-arm-none-eabi-8-2018-q4-major/bin/../lib/gcc/arm-none-eabi/8.2.1/../../../../arm-none-eabi/lib/thumb/v7e-m+fp/hard/libc_nano.a(lib_a-strlen.o)
 .ARM.attributes
                0x00000000000006ed       0x34 /usr/local/gcc_arm/gcc-arm-none-eabi-8-2018-q4-major/bin/../lib/gcc/arm-none-eabi/8.2.1/../../../../arm-none-eabi/lib/thumb/v7e-m+fp/hard/libnosys.a(_exit.o)
 .ARM.attributes
                0x0000000000000721       0x1e /usr/local/gcc_arm/gcc-arm-none-eabi-8-2018-q4-major/bin/../lib/gcc/arm-none-eabi/8.2.1/thumb/v7e-m+fp/hard/libgcc.a(_aeabi_uldivmod.o)
 .ARM.attributes
                0x000000000000073f       0x34 /usr/local/gcc_arm/gcc-arm-none-eabi-8-2018-q4-major/bin/../lib/gcc/arm-none-eabi/8.2.1/thumb/v7e-m+fp/hard/libgcc.a(_udivmoddi4.o)
 .ARM.attributes
                0x0000000000000773       0x1e /usr/local/gcc_arm/gcc-arm-none-eabi-8-2018-q4-major/bin/../lib/gcc/arm-none-eabi/8.2.1/thumb/v7e-m+fp/hard/libgcc.a(_dvmd_tls.o)
 .ARM.attributes
                0x0000000000000791       0x32 /usr/local/gcc_arm/gcc-arm-none-eabi-8-2018-q4-major/bin/../lib/gcc/arm-none-eabi/8.2.1/thumb/v7e-m+fp/hard/crtend.o
 .ARM.attributes
                0x00000000000007c3       0x1e /usr/local/gcc_arm/gcc-arm-none-eabi-8-2018-q4-major/bin/../lib/gcc/arm-none-eabi/8.2.1/thumb/v7e-m+fp/hard/crtn.o

.comment        0x0000000000000000       0x75
 .comment       0x0000000000000000       0x75 _build/nrf52840_xxaa/nrf_log_backend_serial.c.o
                                         0x76 (size before relaxing)
 .comment       0x0000000000000075       0x76 _build/nrf52840_xxaa/nrf_log_backend_uart.c.o
 .comment       0x0000000000000075       0x76 _build/nrf52840_xxaa/nrf_log_default_backends.c.o
 .comment       0x0000000000000075       0x76 _build/nrf52840_xxaa/nrf_log_frontend.c.o
 .comment       0x0000000000000075       0x76 _build/nrf52840_xxaa/nrf_log_str_formatter.c.o
 .comment       0x0000000000000075       0x76 _build/nrf52840_xxaa/boards.c.o
 .comment       0x0000000000000075       0x76 _build/nrf52840_xxaa/app_button.c.o
 .comment       0x0000000000000075       0x76 _build/nrf52840_xxaa/app_error.c.o
 .comment       0x0000000000000075       0x76 _build/nrf52840_xxaa/app_error_weak.c.o
 .comment       0x0000000000000075       0x76 _build/nrf52840_xxaa/app_timer.c.o
 .comment       0x0000000000000075       0x76 _build/nrf52840_xxaa/app_util_platform.c.o
 .comment       0x0000000000000075       0x76 _build/nrf52840_xxaa/nrf_atomic.c.o
 .comment       0x0000000000000075       0x76 _build/nrf52840_xxaa/nrf_balloc.c.o
 .comment       0x0000000000000075       0x76 _build/nrf52840_xxaa/nrf_fprintf.c.o
 .comment       0x0000000000000075       0x76 _build/nrf52840_xxaa/nrf_fprintf_format.c.o
 .comment       0x0000000000000075       0x76 _build/nrf52840_xxaa/nrf_memobj.c.o
 .comment       0x0000000000000075       0x76 _build/nrf52840_xxaa/nrf_ringbuf.c.o
 .comment       0x0000000000000075       0x76 _build/nrf52840_xxaa/nrf_drv_uart.c.o
 .comment       0x0000000000000075       0x76 _build/nrf52840_xxaa/nrfx_gpiote.c.o
 .comment       0x0000000000000075       0x76 _build/nrf52840_xxaa/nrfx_prs.c.o
 .comment       0x0000000000000075       0x76 _build/nrf52840_xxaa/nrfx_uart.c.o
 .comment       0x0000000000000075       0x76 _build/nrf52840_xxaa/nrfx_uarte.c.o
 .comment       0x0000000000000075       0x76 _build/nrf52840_xxaa/bsp.c.o
 .comment       0x0000000000000075       0x76 _build/nrf52840_xxaa/main.c.o
 .comment       0x0000000000000075       0x76 _build/nrf52840_xxaa/system_nrf52840.c.o

.debug_line     0x0000000000000000    0x19044
 .debug_line    0x0000000000000000       0x9d _build/nrf52840_xxaa/gcc_startup_nrf52840.S.o
 .debug_line    0x000000000000009d      0x963 _build/nrf52840_xxaa/nrf_log_backend_serial.c.o
 .debug_line    0x0000000000000a00      0xcfe _build/nrf52840_xxaa/nrf_log_backend_uart.c.o
 .debug_line    0x00000000000016fe      0x835 _build/nrf52840_xxaa/nrf_log_default_backends.c.o
 .debug_line    0x0000000000001f33     0x2c08 _build/nrf52840_xxaa/nrf_log_frontend.c.o
 .debug_line    0x0000000000004b3b      0xa6d _build/nrf52840_xxaa/nrf_log_str_formatter.c.o
 .debug_line    0x00000000000055a8     0x1069 _build/nrf52840_xxaa/boards.c.o
 .debug_line    0x0000000000006611      0xc0d _build/nrf52840_xxaa/app_button.c.o
 .debug_line    0x000000000000721e      0x5fe _build/nrf52840_xxaa/app_error.c.o
 .debug_line    0x000000000000781c      0x91d _build/nrf52840_xxaa/app_error_weak.c.o
 .debug_line    0x0000000000008139     0x177f _build/nrf52840_xxaa/app_timer.c.o
 .debug_line    0x00000000000098b8      0x6c4 _build/nrf52840_xxaa/app_util_platform.c.o
 .debug_line    0x0000000000009f7c      0x879 _build/nrf52840_xxaa/nrf_atomic.c.o
 .debug_line    0x000000000000a7f5      0x97b _build/nrf52840_xxaa/nrf_balloc.c.o
 .debug_line    0x000000000000b170      0x5eb _build/nrf52840_xxaa/nrf_fprintf.c.o
 .debug_line    0x000000000000b75b      0xed7 _build/nrf52840_xxaa/nrf_fprintf_format.c.o
 .debug_line    0x000000000000c632      0xb7d _build/nrf52840_xxaa/nrf_memobj.c.o
 .debug_line    0x000000000000d1af      0xa4a _build/nrf52840_xxaa/nrf_ringbuf.c.o
 .debug_line    0x000000000000dbf9      0x923 _build/nrf52840_xxaa/nrf_drv_uart.c.o
 .debug_line    0x000000000000e51c     0x3246 _build/nrf52840_xxaa/nrfx_gpiote.c.o
 .debug_line    0x0000000000011762      0xa3e _build/nrf52840_xxaa/nrfx_prs.c.o
 .debug_line    0x00000000000121a0     0x2031 _build/nrf52840_xxaa/nrfx_uart.c.o
 .debug_line    0x00000000000141d1     0x1d4d _build/nrf52840_xxaa/nrfx_uarte.c.o
 .debug_line    0x0000000000015f1e     0x120b _build/nrf52840_xxaa/bsp.c.o
 .debug_line    0x0000000000017129     0x1877 _build/nrf52840_xxaa/main.c.o
 .debug_line    0x00000000000189a0      0x6a4 _build/nrf52840_xxaa/system_nrf52840.c.o

.debug_info     0x0000000000000000    0x2dd18
 .debug_info    0x0000000000000000       0x26 _build/nrf52840_xxaa/gcc_startup_nrf52840.S.o
 .debug_info    0x0000000000000026     0x11fe _build/nrf52840_xxaa/nrf_log_backend_serial.c.o
 .debug_info    0x0000000000001224     0x1c74 _build/nrf52840_xxaa/nrf_log_backend_uart.c.o
 .debug_info    0x0000000000002e98      0xd48 _build/nrf52840_xxaa/nrf_log_default_backends.c.o
 .debug_info    0x0000000000003be0     0x4a8f _build/nrf52840_xxaa/nrf_log_frontend.c.o
 .debug_info    0x000000000000866f     0x13d4 _build/nrf52840_xxaa/nrf_log_str_formatter.c.o
 .debug_info    0x0000000000009a43     0x182f _build/nrf52840_xxaa/boards.c.o
 .debug_info    0x000000000000b272      0xfef _build/nrf52840_xxaa/app_button.c.o
 .debug_info    0x000000000000c261      0xbac _build/nrf52840_xxaa/app_error.c.o
 .debug_info    0x000000000000ce0d      0xfd5 _build/nrf52840_xxaa/app_error_weak.c.o
 .debug_info    0x000000000000dde2     0x29ac _build/nrf52840_xxaa/app_timer.c.o
 .debug_info    0x000000000001078e     0x10f7 _build/nrf52840_xxaa/app_util_platform.c.o
 .debug_info    0x0000000000011885     0x1434 _build/nrf52840_xxaa/nrf_atomic.c.o
 .debug_info    0x0000000000012cb9      0xe40 _build/nrf52840_xxaa/nrf_balloc.c.o
 .debug_info    0x0000000000013af9      0xb51 _build/nrf52840_xxaa/nrf_fprintf.c.o
 .debug_info    0x000000000001464a     0x1594 _build/nrf52840_xxaa/nrf_fprintf_format.c.o
 .debug_info    0x0000000000015bde     0x15c0 _build/nrf52840_xxaa/nrf_memobj.c.o
 .debug_info    0x000000000001719e      0xf48 _build/nrf52840_xxaa/nrf_ringbuf.c.o
 .debug_info    0x00000000000180e6     0x1ad6 _build/nrf52840_xxaa/nrf_drv_uart.c.o
 .debug_info    0x0000000000019bbc     0x46fb _build/nrf52840_xxaa/nrfx_gpiote.c.o
 .debug_info    0x000000000001e2b7     0x11a6 _build/nrf52840_xxaa/nrfx_prs.c.o
 .debug_info    0x000000000001f45d     0x4319 _build/nrf52840_xxaa/nrfx_uart.c.o
 .debug_info    0x0000000000023776     0x3f27 _build/nrf52840_xxaa/nrfx_uarte.c.o
 .debug_info    0x000000000002769d     0x1ea6 _build/nrf52840_xxaa/bsp.c.o
 .debug_info    0x0000000000029543     0x32e7 _build/nrf52840_xxaa/main.c.o
 .debug_info    0x000000000002c82a     0x14ee _build/nrf52840_xxaa/system_nrf52840.c.o

.debug_abbrev   0x0000000000000000     0x5f50
 .debug_abbrev  0x0000000000000000       0x14 _build/nrf52840_xxaa/gcc_startup_nrf52840.S.o
 .debug_abbrev  0x0000000000000014      0x2bd _build/nrf52840_xxaa/nrf_log_backend_serial.c.o
 .debug_abbrev  0x00000000000002d1      0x41d _build/nrf52840_xxaa/nrf_log_backend_uart.c.o
 .debug_abbrev  0x00000000000006ee      0x294 _build/nrf52840_xxaa/nrf_log_default_backends.c.o
 .debug_abbrev  0x0000000000000982      0x624 _build/nrf52840_xxaa/nrf_log_frontend.c.o
 .debug_abbrev  0x0000000000000fa6      0x320 _build/nrf52840_xxaa/nrf_log_str_formatter.c.o
 .debug_abbrev  0x00000000000012c6      0x455 _build/nrf52840_xxaa/boards.c.o
 .debug_abbrev  0x000000000000171b      0x323 _build/nrf52840_xxaa/app_button.c.o
 .debug_abbrev  0x0000000000001a3e      0x276 _build/nrf52840_xxaa/app_error.c.o
 .debug_abbrev  0x0000000000001cb4      0x2e9 _build/nrf52840_xxaa/app_error_weak.c.o
 .debug_abbrev  0x0000000000001f9d      0x531 _build/nrf52840_xxaa/app_timer.c.o
 .debug_abbrev  0x00000000000024ce      0x388 _build/nrf52840_xxaa/app_util_platform.c.o
 .debug_abbrev  0x0000000000002856      0x378 _build/nrf52840_xxaa/nrf_atomic.c.o
 .debug_abbrev  0x0000000000002bce      0x343 _build/nrf52840_xxaa/nrf_balloc.c.o
 .debug_abbrev  0x0000000000002f11      0x27d _build/nrf52840_xxaa/nrf_fprintf.c.o
 .debug_abbrev  0x000000000000318e      0x3a2 _build/nrf52840_xxaa/nrf_fprintf_format.c.o
 .debug_abbrev  0x0000000000003530      0x39e _build/nrf52840_xxaa/nrf_memobj.c.o
 .debug_abbrev  0x00000000000038ce      0x2a1 _build/nrf52840_xxaa/nrf_ringbuf.c.o
 .debug_abbrev  0x0000000000003b6f      0x2da _build/nrf52840_xxaa/nrf_drv_uart.c.o
 .debug_abbrev  0x0000000000003e49      0x5aa _build/nrf52840_xxaa/nrfx_gpiote.c.o
 .debug_abbrev  0x00000000000043f3      0x36f _build/nrf52840_xxaa/nrfx_prs.c.o
 .debug_abbrev  0x0000000000004762      0x585 _build/nrf52840_xxaa/nrfx_uart.c.o
 .debug_abbrev  0x0000000000004ce7      0x558 _build/nrf52840_xxaa/nrfx_uarte.c.o
 .debug_abbrev  0x000000000000523f      0x533 _build/nrf52840_xxaa/bsp.c.o
 .debug_abbrev  0x0000000000005772      0x5af _build/nrf52840_xxaa/main.c.o
 .debug_abbrev  0x0000000000005d21      0x22f _build/nrf52840_xxaa/system_nrf52840.c.o

.debug_aranges  0x0000000000000000      0x830
 .debug_aranges
                0x0000000000000000       0x20 _build/nrf52840_xxaa/gcc_startup_nrf52840.S.o
 .debug_aranges
                0x0000000000000020       0x20 _build/nrf52840_xxaa/nrf_log_backend_serial.c.o
 .debug_aranges
                0x0000000000000040       0x48 _build/nrf52840_xxaa/nrf_log_backend_uart.c.o
 .debug_aranges
                0x0000000000000088       0x20 _build/nrf52840_xxaa/nrf_log_default_backends.c.o
 .debug_aranges
                0x00000000000000a8       0xb8 _build/nrf52840_xxaa/nrf_log_frontend.c.o
 .debug_aranges
                0x0000000000000160       0x38 _build/nrf52840_xxaa/nrf_log_str_formatter.c.o
 .debug_aranges
                0x0000000000000198       0x78 _build/nrf52840_xxaa/boards.c.o
 .debug_aranges
                0x0000000000000210       0x48 _build/nrf52840_xxaa/app_button.c.o
 .debug_aranges
                0x0000000000000258       0x28 _build/nrf52840_xxaa/app_error.c.o
 .debug_aranges
                0x0000000000000280       0x20 _build/nrf52840_xxaa/app_error_weak.c.o
 .debug_aranges
                0x00000000000002a0       0x70 _build/nrf52840_xxaa/app_timer.c.o
 .debug_aranges
                0x0000000000000310       0x48 _build/nrf52840_xxaa/app_util_platform.c.o
 .debug_aranges
                0x0000000000000358       0xb0 _build/nrf52840_xxaa/nrf_atomic.c.o
 .debug_aranges
                0x0000000000000408       0x30 _build/nrf52840_xxaa/nrf_balloc.c.o
 .debug_aranges
                0x0000000000000438       0x28 _build/nrf52840_xxaa/nrf_fprintf.c.o
 .debug_aranges
                0x0000000000000460       0x28 _build/nrf52840_xxaa/nrf_fprintf_format.c.o
 .debug_aranges
                0x0000000000000488       0x50 _build/nrf52840_xxaa/nrf_memobj.c.o
 .debug_aranges
                0x00000000000004d8       0x50 _build/nrf52840_xxaa/nrf_ringbuf.c.o
 .debug_aranges
                0x0000000000000528       0x30 _build/nrf52840_xxaa/nrf_drv_uart.c.o
 .debug_aranges
                0x0000000000000558       0xd8 _build/nrf52840_xxaa/nrfx_gpiote.c.o
 .debug_aranges
                0x0000000000000630       0x30 _build/nrf52840_xxaa/nrfx_prs.c.o
 .debug_aranges
                0x0000000000000660       0x78 _build/nrf52840_xxaa/nrfx_uart.c.o
 .debug_aranges
                0x00000000000006d8       0x68 _build/nrf52840_xxaa/nrfx_uarte.c.o
 .debug_aranges
                0x0000000000000740       0x80 _build/nrf52840_xxaa/bsp.c.o
 .debug_aranges
                0x00000000000007c0       0x48 _build/nrf52840_xxaa/main.c.o
 .debug_aranges
                0x0000000000000808       0x28 _build/nrf52840_xxaa/system_nrf52840.c.o

.debug_str      0x0000000000000000    0x96ae1
 .debug_str     0x0000000000000000       0x97 _build/nrf52840_xxaa/gcc_startup_nrf52840.S.o
 .debug_str     0x0000000000000097    0x84dd8 _build/nrf52840_xxaa/nrf_log_backend_serial.c.o
                                      0x86316 (size before relaxing)
 .debug_str     0x0000000000084e6f     0x461b _build/nrf52840_xxaa/nrf_log_backend_uart.c.o
                                      0x8a401 (size before relaxing)
 .debug_str     0x000000000008948a      0x130 _build/nrf52840_xxaa/nrf_log_default_backends.c.o
                                      0x860cd (size before relaxing)
 .debug_str     0x00000000000895ba     0x137a _build/nrf52840_xxaa/nrf_log_frontend.c.o
                                      0x87578 (size before relaxing)
 .debug_str     0x000000000008a934      0x6ba _build/nrf52840_xxaa/nrf_log_str_formatter.c.o
                                      0x86838 (size before relaxing)
 .debug_str     0x000000000008afee     0x17ce _build/nrf52840_xxaa/boards.c.o
                                      0x86fb3 (size before relaxing)
 .debug_str     0x000000000008c7bc     0x15a5 _build/nrf52840_xxaa/app_button.c.o
                                      0x873bf (size before relaxing)
 .debug_str     0x000000000008dd61      0x108 _build/nrf52840_xxaa/app_error.c.o
                                      0x77f7f (size before relaxing)
 .debug_str     0x000000000008de69       0xed _build/nrf52840_xxaa/app_error_weak.c.o
                                      0x86796 (size before relaxing)
 .debug_str     0x000000000008df56      0xbb4 _build/nrf52840_xxaa/app_timer.c.o
                                      0x86d9f (size before relaxing)
 .debug_str     0x000000000008eb0a      0x1c7 _build/nrf52840_xxaa/app_util_platform.c.o
                                      0x787b6 (size before relaxing)
 .debug_str     0x000000000008ecd1      0x6cd _build/nrf52840_xxaa/nrf_atomic.c.o
                                      0x8216c (size before relaxing)
 .debug_str     0x000000000008f39e      0x178 _build/nrf52840_xxaa/nrf_balloc.c.o
                                      0x860bb (size before relaxing)
 .debug_str     0x000000000008f516      0x158 _build/nrf52840_xxaa/nrf_fprintf.c.o
                                      0x81dc5 (size before relaxing)
 .debug_str     0x000000000008f66e      0x131 _build/nrf52840_xxaa/nrf_fprintf_format.c.o
                                      0x81eba (size before relaxing)
 .debug_str     0x000000000008f79f      0x1b9 _build/nrf52840_xxaa/nrf_memobj.c.o
                                      0x8447f (size before relaxing)
 .debug_str     0x000000000008f958       0xf0 _build/nrf52840_xxaa/nrf_ringbuf.c.o
                                      0x82b71 (size before relaxing)
 .debug_str     0x000000000008fa48      0x484 _build/nrf52840_xxaa/nrf_drv_uart.c.o
                                      0x86c28 (size before relaxing)
 .debug_str     0x000000000008fecc     0x107b _build/nrf52840_xxaa/nrfx_gpiote.c.o
                                      0x8a9db (size before relaxing)
 .debug_str     0x0000000000090f47      0x35a _build/nrf52840_xxaa/nrfx_prs.c.o
                                      0x88e48 (size before relaxing)
 .debug_str     0x00000000000912a1      0x6ea _build/nrf52840_xxaa/nrfx_uart.c.o
                                      0x8a030 (size before relaxing)
 .debug_str     0x000000000009198b      0x98a _build/nrf52840_xxaa/nrfx_uarte.c.o
                                      0x8a4d0 (size before relaxing)
 .debug_str     0x0000000000092315      0xffa _build/nrf52840_xxaa/bsp.c.o
                                      0x8806f (size before relaxing)
 .debug_str     0x000000000009330f     0x3350 _build/nrf52840_xxaa/main.c.o
                                      0x8ee08 (size before relaxing)
 .debug_str     0x000000000009665f      0x482 _build/nrf52840_xxaa/system_nrf52840.c.o
                                      0x73c2c (size before relaxing)

.debug_loc      0x0000000000000000    0x16601
 .debug_loc     0x0000000000000000      0x1a3 _build/nrf52840_xxaa/nrf_log_backend_serial.c.o
 .debug_loc     0x00000000000001a3      0x334 _build/nrf52840_xxaa/nrf_log_backend_uart.c.o
 .debug_loc     0x00000000000004d7       0x17 _build/nrf52840_xxaa/nrf_log_default_backends.c.o
 .debug_loc     0x00000000000004ee     0x5769 _build/nrf52840_xxaa/nrf_log_frontend.c.o
 .debug_loc     0x0000000000005c57      0x486 _build/nrf52840_xxaa/nrf_log_str_formatter.c.o
 .debug_loc     0x00000000000060dd      0xe02 _build/nrf52840_xxaa/boards.c.o
 .debug_loc     0x0000000000006edf      0x44a _build/nrf52840_xxaa/app_button.c.o
 .debug_loc     0x0000000000007329       0xc9 _build/nrf52840_xxaa/app_error.c.o
 .debug_loc     0x00000000000073f2       0x6f _build/nrf52840_xxaa/app_error_weak.c.o
 .debug_loc     0x0000000000007461     0x14da _build/nrf52840_xxaa/app_timer.c.o
 .debug_loc     0x000000000000893b      0x11a _build/nrf52840_xxaa/app_util_platform.c.o
 .debug_loc     0x0000000000008a55      0x5c9 _build/nrf52840_xxaa/nrf_atomic.c.o
 .debug_loc     0x000000000000901e      0x285 _build/nrf52840_xxaa/nrf_balloc.c.o
 .debug_loc     0x00000000000092a3       0x54 _build/nrf52840_xxaa/nrf_fprintf.c.o
 .debug_loc     0x00000000000092f7     0x141b _build/nrf52840_xxaa/nrf_fprintf_format.c.o
 .debug_loc     0x000000000000a712      0xebd _build/nrf52840_xxaa/nrf_memobj.c.o
 .debug_loc     0x000000000000b5cf      0x6d4 _build/nrf52840_xxaa/nrf_ringbuf.c.o
 .debug_loc     0x000000000000bca3      0x1e6 _build/nrf52840_xxaa/nrf_drv_uart.c.o
 .debug_loc     0x000000000000be89     0x43e1 _build/nrf52840_xxaa/nrfx_gpiote.c.o
 .debug_loc     0x000000000001026a      0x11e _build/nrf52840_xxaa/nrfx_prs.c.o
 .debug_loc     0x0000000000010388     0x2120 _build/nrf52840_xxaa/nrfx_uart.c.o
 .debug_loc     0x00000000000124a8     0x1d27 _build/nrf52840_xxaa/nrfx_uarte.c.o
 .debug_loc     0x00000000000141cf      0xe71 _build/nrf52840_xxaa/bsp.c.o
 .debug_loc     0x0000000000015040     0x15c1 _build/nrf52840_xxaa/main.c.o

.debug_ranges   0x0000000000000000     0x54e8
 .debug_ranges  0x0000000000000000       0x28 _build/nrf52840_xxaa/nrf_log_backend_serial.c.o
 .debug_ranges  0x0000000000000028      0x110 _build/nrf52840_xxaa/nrf_log_backend_uart.c.o
 .debug_ranges  0x0000000000000138       0x10 _build/nrf52840_xxaa/nrf_log_default_backends.c.o
 .debug_ranges  0x0000000000000148      0xca0 _build/nrf52840_xxaa/nrf_log_frontend.c.o
 .debug_ranges  0x0000000000000de8       0xa8 _build/nrf52840_xxaa/nrf_log_str_formatter.c.o
 .debug_ranges  0x0000000000000e90      0x8a8 _build/nrf52840_xxaa/boards.c.o
 .debug_ranges  0x0000000000001738       0x88 _build/nrf52840_xxaa/app_button.c.o
 .debug_ranges  0x00000000000017c0       0x18 _build/nrf52840_xxaa/app_error.c.o
 .debug_ranges  0x00000000000017d8       0x28 _build/nrf52840_xxaa/app_error_weak.c.o
 .debug_ranges  0x0000000000001800      0x6a0 _build/nrf52840_xxaa/app_timer.c.o
 .debug_ranges  0x0000000000001ea0       0x50 _build/nrf52840_xxaa/app_util_platform.c.o
 .debug_ranges  0x0000000000001ef0       0xd8 _build/nrf52840_xxaa/nrf_atomic.c.o
 .debug_ranges  0x0000000000001fc8       0x40 _build/nrf52840_xxaa/nrf_balloc.c.o
 .debug_ranges  0x0000000000002008       0x18 _build/nrf52840_xxaa/nrf_fprintf.c.o
 .debug_ranges  0x0000000000002020      0x3c8 _build/nrf52840_xxaa/nrf_fprintf_format.c.o
 .debug_ranges  0x00000000000023e8       0xb8 _build/nrf52840_xxaa/nrf_memobj.c.o
 .debug_ranges  0x00000000000024a0       0x40 _build/nrf52840_xxaa/nrf_ringbuf.c.o
 .debug_ranges  0x00000000000024e0       0x20 _build/nrf52840_xxaa/nrf_drv_uart.c.o
 .debug_ranges  0x0000000000002500     0x1458 _build/nrf52840_xxaa/nrfx_gpiote.c.o
 .debug_ranges  0x0000000000003958       0x50 _build/nrf52840_xxaa/nrfx_prs.c.o
 .debug_ranges  0x00000000000039a8      0x7e0 _build/nrf52840_xxaa/nrfx_uart.c.o
 .debug_ranges  0x0000000000004188      0x6d0 _build/nrf52840_xxaa/nrfx_uarte.c.o
 .debug_ranges  0x0000000000004858      0x228 _build/nrf52840_xxaa/bsp.c.o
 .debug_ranges  0x0000000000004a80      0xa28 _build/nrf52840_xxaa/main.c.o
 .debug_ranges  0x00000000000054a8       0x40 _build/nrf52840_xxaa/system_nrf52840.c.o

.debug_macro    0x0000000000000000     0x77c2
 .debug_macro   0x0000000000000000      0x371 _build/nrf52840_xxaa/nrf_log_backend_serial.c.o
 .debug_macro   0x0000000000000371       0x16 _build/nrf52840_xxaa/nrf_log_backend_serial.c.o
 .debug_macro   0x0000000000000387       0x22 _build/nrf52840_xxaa/nrf_log_backend_serial.c.o
 .debug_macro   0x00000000000003a9       0x1c _build/nrf52840_xxaa/nrf_log_backend_serial.c.o
 .debug_macro   0x00000000000003c5       0x10 _build/nrf52840_xxaa/nrf_log_backend_serial.c.o
 .debug_macro   0x00000000000003d5       0x10 _build/nrf52840_xxaa/nrf_log_backend_serial.c.o
 .debug_macro   0x00000000000003e5       0xb6 _build/nrf52840_xxaa/nrf_log_backend_serial.c.o
 .debug_macro   0x000000000000049b       0x16 _build/nrf52840_xxaa/nrf_log_backend_serial.c.o
 .debug_macro   0x00000000000004b1      0x129 _build/nrf52840_xxaa/nrf_log_backend_serial.c.o
 .debug_macro   0x00000000000005da       0x49 _build/nrf52840_xxaa/nrf_log_backend_serial.c.o
 .debug_macro   0x0000000000000623       0x8c _build/nrf52840_xxaa/nrf_log_backend_serial.c.o
 .debug_macro   0x00000000000006af       0x31 _build/nrf52840_xxaa/nrf_log_backend_serial.c.o
 .debug_macro   0x00000000000006e0       0x55 _build/nrf52840_xxaa/nrf_log_backend_serial.c.o
 .debug_macro   0x0000000000000735       0x98 _build/nrf52840_xxaa/nrf_log_backend_serial.c.o
 .debug_macro   0x00000000000007cd       0x10 _build/nrf52840_xxaa/nrf_log_backend_serial.c.o
 .debug_macro   0x00000000000007dd       0x1d _build/nrf52840_xxaa/nrf_log_backend_serial.c.o
 .debug_macro   0x00000000000007fa       0x2e _build/nrf52840_xxaa/nrf_log_backend_serial.c.o
 .debug_macro   0x0000000000000828       0x1c _build/nrf52840_xxaa/nrf_log_backend_serial.c.o
 .debug_macro   0x0000000000000844      0x185 _build/nrf52840_xxaa/nrf_log_backend_serial.c.o
 .debug_macro   0x00000000000009c9      0x454 _build/nrf52840_xxaa/nrf_log_backend_uart.c.o
 .debug_macro   0x0000000000000e1d      0x429 _build/nrf52840_xxaa/nrf_log_backend_uart.c.o
 .debug_macro   0x0000000000001246       0x52 _build/nrf52840_xxaa/nrf_log_backend_uart.c.o
 .debug_macro   0x0000000000001298      0x2bf _build/nrf52840_xxaa/nrf_log_backend_uart.c.o
 .debug_macro   0x0000000000001557      0x148 _build/nrf52840_xxaa/nrf_log_backend_uart.c.o
 .debug_macro   0x000000000000169f       0x5a _build/nrf52840_xxaa/nrf_log_backend_uart.c.o
 .debug_macro   0x00000000000016f9       0x1d _build/nrf52840_xxaa/nrf_log_backend_uart.c.o
 .debug_macro   0x0000000000001716       0xac _build/nrf52840_xxaa/nrf_log_backend_uart.c.o
 .debug_macro   0x00000000000017c2       0x64 _build/nrf52840_xxaa/nrf_log_backend_uart.c.o
 .debug_macro   0x0000000000001826       0x20 _build/nrf52840_xxaa/nrf_log_backend_uart.c.o
 .debug_macro   0x0000000000001846       0x10 _build/nrf52840_xxaa/nrf_log_backend_uart.c.o
 .debug_macro   0x0000000000001856       0x10 _build/nrf52840_xxaa/nrf_log_backend_uart.c.o
 .debug_macro   0x0000000000001866       0x10 _build/nrf52840_xxaa/nrf_log_backend_uart.c.o
 .debug_macro   0x0000000000001876       0x10 _build/nrf52840_xxaa/nrf_log_backend_uart.c.o
 .debug_macro   0x0000000000001886       0x10 _build/nrf52840_xxaa/nrf_log_backend_uart.c.o
 .debug_macro   0x0000000000001896       0x3f _build/nrf52840_xxaa/nrf_log_backend_uart.c.o
 .debug_macro   0x00000000000018d5      0x362 _build/nrf52840_xxaa/nrf_log_default_backends.c.o
 .debug_macro   0x0000000000001c37       0x10 _build/nrf52840_xxaa/nrf_log_default_backends.c.o
 .debug_macro   0x0000000000001c47      0x3e3 _build/nrf52840_xxaa/nrf_log_frontend.c.o
 .debug_macro   0x000000000000202a       0x16 _build/nrf52840_xxaa/nrf_log_frontend.c.o
 .debug_macro   0x0000000000002040       0x9a _build/nrf52840_xxaa/nrf_log_frontend.c.o
 .debug_macro   0x00000000000020da       0x9e _build/nrf52840_xxaa/nrf_log_frontend.c.o
 .debug_macro   0x0000000000002178      0x3b3 _build/nrf52840_xxaa/nrf_log_str_formatter.c.o
 .debug_macro   0x000000000000252b       0xa2 _build/nrf52840_xxaa/nrf_log_str_formatter.c.o
 .debug_macro   0x00000000000025cd      0x33a _build/nrf52840_xxaa/boards.c.o
 .debug_macro   0x0000000000002907       0x26 _build/nrf52840_xxaa/boards.c.o
 .debug_macro   0x000000000000292d       0x3f _build/nrf52840_xxaa/boards.c.o
 .debug_macro   0x000000000000296c       0x16 _build/nrf52840_xxaa/boards.c.o
 .debug_macro   0x0000000000002982       0x19 _build/nrf52840_xxaa/boards.c.o
 .debug_macro   0x000000000000299b       0x35 _build/nrf52840_xxaa/boards.c.o
 .debug_macro   0x00000000000029d0       0x7b _build/nrf52840_xxaa/boards.c.o
 .debug_macro   0x0000000000002a4b       0x16 _build/nrf52840_xxaa/boards.c.o
 .debug_macro   0x0000000000002a61      0x208 _build/nrf52840_xxaa/boards.c.o
 .debug_macro   0x0000000000002c69      0x16d _build/nrf52840_xxaa/boards.c.o
 .debug_macro   0x0000000000002dd6      0x3a6 _build/nrf52840_xxaa/app_button.c.o
 .debug_macro   0x000000000000317c       0x1c _build/nrf52840_xxaa/app_button.c.o
 .debug_macro   0x0000000000003198       0x42 _build/nrf52840_xxaa/app_button.c.o
 .debug_macro   0x00000000000031da       0x25 _build/nrf52840_xxaa/app_button.c.o
 .debug_macro   0x00000000000031ff       0x44 _build/nrf52840_xxaa/app_button.c.o
 .debug_macro   0x0000000000003243       0xcc _build/nrf52840_xxaa/app_button.c.o
 .debug_macro   0x000000000000330f      0x21f _build/nrf52840_xxaa/app_error.c.o
 .debug_macro   0x000000000000352e       0x35 _build/nrf52840_xxaa/app_error.c.o
 .debug_macro   0x0000000000003563       0x97 _build/nrf52840_xxaa/app_error.c.o
 .debug_macro   0x00000000000035fa       0xf6 _build/nrf52840_xxaa/app_error.c.o
 .debug_macro   0x00000000000036f0      0x361 _build/nrf52840_xxaa/app_error_weak.c.o
 .debug_macro   0x0000000000003a51       0x16 _build/nrf52840_xxaa/app_error_weak.c.o
 .debug_macro   0x0000000000003a67       0x92 _build/nrf52840_xxaa/app_error_weak.c.o
 .debug_macro   0x0000000000003af9      0x3f0 _build/nrf52840_xxaa/app_timer.c.o
 .debug_macro   0x0000000000003ee9       0x3c _build/nrf52840_xxaa/app_timer.c.o
 .debug_macro   0x0000000000003f25       0x45 _build/nrf52840_xxaa/app_timer.c.o
 .debug_macro   0x0000000000003f6a      0x235 _build/nrf52840_xxaa/app_util_platform.c.o
 .debug_macro   0x000000000000419f      0x223 _build/nrf52840_xxaa/nrf_atomic.c.o
 .debug_macro   0x00000000000043c2       0x42 _build/nrf52840_xxaa/nrf_atomic.c.o
 .debug_macro   0x0000000000004404      0x326 _build/nrf52840_xxaa/nrf_balloc.c.o
 .debug_macro   0x000000000000472a       0x10 _build/nrf52840_xxaa/nrf_balloc.c.o
 .debug_macro   0x000000000000473a      0x22f _build/nrf52840_xxaa/nrf_fprintf.c.o
 .debug_macro   0x0000000000004969       0x58 _build/nrf52840_xxaa/nrf_fprintf.c.o
 .debug_macro   0x00000000000049c1      0x241 _build/nrf52840_xxaa/nrf_fprintf_format.c.o
 .debug_macro   0x0000000000004c02      0x309 _build/nrf52840_xxaa/nrf_memobj.c.o
 .debug_macro   0x0000000000004f0b      0x10e _build/nrf52840_xxaa/nrf_memobj.c.o
 .debug_macro   0x0000000000005019       0x86 _build/nrf52840_xxaa/nrf_memobj.c.o
 .debug_macro   0x000000000000509f       0x54 _build/nrf52840_xxaa/nrf_memobj.c.o
 .debug_macro   0x00000000000050f3      0x2b8 _build/nrf52840_xxaa/nrf_ringbuf.c.o
 .debug_macro   0x00000000000053ab      0x363 _build/nrf52840_xxaa/nrf_drv_uart.c.o
 .debug_macro   0x000000000000570e      0x41b _build/nrf52840_xxaa/nrfx_gpiote.c.o
 .debug_macro   0x0000000000005b29       0x1c _build/nrf52840_xxaa/nrfx_gpiote.c.o
 .debug_macro   0x0000000000005b45       0x16 _build/nrf52840_xxaa/nrfx_gpiote.c.o
 .debug_macro   0x0000000000005b5b       0x1c _build/nrf52840_xxaa/nrfx_gpiote.c.o
 .debug_macro   0x0000000000005b77       0x37 _build/nrf52840_xxaa/nrfx_gpiote.c.o
 .debug_macro   0x0000000000005bae      0x17f _build/nrf52840_xxaa/nrfx_gpiote.c.o
 .debug_macro   0x0000000000005d2d       0x42 _build/nrf52840_xxaa/nrfx_gpiote.c.o
 .debug_macro   0x0000000000005d6f      0x3d0 _build/nrf52840_xxaa/nrfx_prs.c.o
 .debug_macro   0x000000000000613f       0x28 _build/nrf52840_xxaa/nrfx_prs.c.o
 .debug_macro   0x0000000000006167      0x3eb _build/nrf52840_xxaa/nrfx_uart.c.o
 .debug_macro   0x0000000000006552      0x409 _build/nrf52840_xxaa/nrfx_uarte.c.o
 .debug_macro   0x000000000000695b      0x376 _build/nrf52840_xxaa/bsp.c.o
 .debug_macro   0x0000000000006cd1       0x1c _build/nrf52840_xxaa/bsp.c.o
 .debug_macro   0x0000000000006ced      0x100 _build/nrf52840_xxaa/bsp.c.o
 .debug_macro   0x0000000000006ded      0x53e _build/nrf52840_xxaa/main.c.o
 .debug_macro   0x000000000000732b       0x1d _build/nrf52840_xxaa/main.c.o
 .debug_macro   0x0000000000007348       0x1c _build/nrf52840_xxaa/main.c.o
 .debug_macro   0x0000000000007364       0xbe _build/nrf52840_xxaa/main.c.o
 .debug_macro   0x0000000000007422       0x50 _build/nrf52840_xxaa/main.c.o
 .debug_macro   0x0000000000007472       0x38 _build/nrf52840_xxaa/main.c.o
 .debug_macro   0x00000000000074aa       0x6b _build/nrf52840_xxaa/main.c.o
 .debug_macro   0x0000000000007515       0x10 _build/nrf52840_xxaa/main.c.o
 .debug_macro   0x0000000000007525       0x22 _build/nrf52840_xxaa/main.c.o
 .debug_macro   0x0000000000007547       0x10 _build/nrf52840_xxaa/main.c.o
 .debug_macro   0x0000000000007557       0x94 _build/nrf52840_xxaa/main.c.o
 .debug_macro   0x00000000000075eb       0x10 _build/nrf52840_xxaa/main.c.o
 .debug_macro   0x00000000000075fb       0x16 _build/nrf52840_xxaa/main.c.o
 .debug_macro   0x0000000000007611       0x88 _build/nrf52840_xxaa/main.c.o
 .debug_macro   0x0000000000007699       0x28 _build/nrf52840_xxaa/main.c.o
 .debug_macro   0x00000000000076c1       0x10 _build/nrf52840_xxaa/main.c.o
 .debug_macro   0x00000000000076d1       0xf1 _build/nrf52840_xxaa/system_nrf52840.c.o

.debug_frame    0x0000000000000000     0x1778
 .debug_frame   0x0000000000000000       0x40 _build/nrf52840_xxaa/nrf_log_backend_serial.c.o
 .debug_frame   0x0000000000000040       0xb8 _build/nrf52840_xxaa/nrf_log_backend_uart.c.o
 .debug_frame   0x00000000000000f8       0x28 _build/nrf52840_xxaa/nrf_log_default_backends.c.o
 .debug_frame   0x0000000000000120      0x314 _build/nrf52840_xxaa/nrf_log_frontend.c.o
 .debug_frame   0x0000000000000434       0xac _build/nrf52840_xxaa/nrf_log_str_formatter.c.o
 .debug_frame   0x00000000000004e0       0xf8 _build/nrf52840_xxaa/boards.c.o
 .debug_frame   0x00000000000005d8      0x110 _build/nrf52840_xxaa/app_button.c.o
 .debug_frame   0x00000000000006e8       0x54 _build/nrf52840_xxaa/app_error.c.o
 .debug_frame   0x000000000000073c       0x28 _build/nrf52840_xxaa/app_error_weak.c.o
 .debug_frame   0x0000000000000764      0x13c _build/nrf52840_xxaa/app_timer.c.o
 .debug_frame   0x00000000000008a0       0x70 _build/nrf52840_xxaa/app_util_platform.c.o
 .debug_frame   0x0000000000000910      0x150 _build/nrf52840_xxaa/nrf_atomic.c.o
 .debug_frame   0x0000000000000a60       0x6c _build/nrf52840_xxaa/nrf_balloc.c.o
 .debug_frame   0x0000000000000acc       0x5c _build/nrf52840_xxaa/nrf_fprintf.c.o
 .debug_frame   0x0000000000000b28       0xa8 _build/nrf52840_xxaa/nrf_fprintf_format.c.o
 .debug_frame   0x0000000000000bd0       0xe8 _build/nrf52840_xxaa/nrf_memobj.c.o
 .debug_frame   0x0000000000000cb8       0xdc _build/nrf52840_xxaa/nrf_ringbuf.c.o
 .debug_frame   0x0000000000000d94       0x80 _build/nrf52840_xxaa/nrf_drv_uart.c.o
 .debug_frame   0x0000000000000e14      0x260 _build/nrf52840_xxaa/nrfx_gpiote.c.o
 .debug_frame   0x0000000000001074       0x4c _build/nrf52840_xxaa/nrfx_prs.c.o
 .debug_frame   0x00000000000010c0      0x188 _build/nrf52840_xxaa/nrfx_uart.c.o
 .debug_frame   0x0000000000001248      0x194 _build/nrf52840_xxaa/nrfx_uarte.c.o
 .debug_frame   0x00000000000013dc      0x190 _build/nrf52840_xxaa/bsp.c.o
 .debug_frame   0x000000000000156c       0xb0 _build/nrf52840_xxaa/main.c.o
 .debug_frame   0x000000000000161c       0x40 _build/nrf52840_xxaa/system_nrf52840.c.o
 .debug_frame   0x000000000000165c       0x28 /usr/local/gcc_arm/gcc-arm-none-eabi-8-2018-q4-major/bin/../lib/gcc/arm-none-eabi/8.2.1/../../../../arm-none-eabi/lib/thumb/v7e-m+fp/hard/libc_nano.a(lib_a-exit.o)
 .debug_frame   0x0000000000001684       0x2c /usr/local/gcc_arm/gcc-arm-none-eabi-8-2018-q4-major/bin/../lib/gcc/arm-none-eabi/8.2.1/../../../../arm-none-eabi/lib/thumb/v7e-m+fp/hard/libc_nano.a(lib_a-init.o)
 .debug_frame   0x00000000000016b0       0x28 /usr/local/gcc_arm/gcc-arm-none-eabi-8-2018-q4-major/bin/../lib/gcc/arm-none-eabi/8.2.1/../../../../arm-none-eabi/lib/thumb/v7e-m+fp/hard/libc_nano.a(lib_a-memcpy-stub.o)
 .debug_frame   0x00000000000016d8       0x20 /usr/local/gcc_arm/gcc-arm-none-eabi-8-2018-q4-major/bin/../lib/gcc/arm-none-eabi/8.2.1/../../../../arm-none-eabi/lib/thumb/v7e-m+fp/hard/libc_nano.a(lib_a-memset.o)
 .debug_frame   0x00000000000016f8       0x20 /usr/local/gcc_arm/gcc-arm-none-eabi-8-2018-q4-major/bin/../lib/gcc/arm-none-eabi/8.2.1/../../../../arm-none-eabi/lib/thumb/v7e-m+fp/hard/libnosys.a(_exit.o)
 .debug_frame   0x0000000000001718       0x2c /usr/local/gcc_arm/gcc-arm-none-eabi-8-2018-q4-major/bin/../lib/gcc/arm-none-eabi/8.2.1/thumb/v7e-m+fp/hard/libgcc.a(_aeabi_uldivmod.o)
 .debug_frame   0x0000000000001744       0x34 /usr/local/gcc_arm/gcc-arm-none-eabi-8-2018-q4-major/bin/../lib/gcc/arm-none-eabi/8.2.1/thumb/v7e-m+fp/hard/libgcc.a(_udivmoddi4.o)
